Component: ARM Compiler 5.06 update 5 (build 528) Tool: armlink [4d35e2]

==============================================================================

Section Cross References

    startup_stm32f10x_md.o(STACK) refers (Special) to heapauxi.o(.text) for __use_two_region_memory
    startup_stm32f10x_md.o(HEAP) refers (Special) to heapauxi.o(.text) for __use_two_region_memory
    startup_stm32f10x_md.o(RESET) refers (Special) to heapauxi.o(.text) for __use_two_region_memory
    startup_stm32f10x_md.o(RESET) refers to startup_stm32f10x_md.o(STACK) for __initial_sp
    startup_stm32f10x_md.o(RESET) refers to startup_stm32f10x_md.o(.text) for Reset_Handler
    startup_stm32f10x_md.o(RESET) refers to stm32f10x_it.o(i.NMI_Handler) for NMI_Handler
    startup_stm32f10x_md.o(RESET) refers to stm32f10x_it.o(i.HardFault_Handler) for HardFault_Handler
    startup_stm32f10x_md.o(RESET) refers to stm32f10x_it.o(i.MemManage_Handler) for MemManage_Handler
    startup_stm32f10x_md.o(RESET) refers to stm32f10x_it.o(i.BusFault_Handler) for BusFault_Handler
    startup_stm32f10x_md.o(RESET) refers to stm32f10x_it.o(i.UsageFault_Handler) for UsageFault_Handler
    startup_stm32f10x_md.o(RESET) refers to stm32f10x_it.o(i.SVC_Handler) for SVC_Handler
    startup_stm32f10x_md.o(RESET) refers to stm32f10x_it.o(i.DebugMon_Handler) for DebugMon_Handler
    startup_stm32f10x_md.o(RESET) refers to stm32f10x_it.o(i.PendSV_Handler) for PendSV_Handler
    startup_stm32f10x_md.o(RESET) refers to stm32f10x_it.o(i.SysTick_Handler) for SysTick_Handler
    startup_stm32f10x_md.o(RESET) refers to main.o(i.TIM3_IRQHandler) for TIM3_IRQHandler
    startup_stm32f10x_md.o(RESET) refers to jy62.o(i.USART3_IRQHandler) for USART3_IRQHandler
    startup_stm32f10x_md.o(.text) refers (Special) to heapauxi.o(.text) for __use_two_region_memory
    startup_stm32f10x_md.o(.text) refers to system_stm32f10x.o(i.SystemInit) for SystemInit
    startup_stm32f10x_md.o(.text) refers to __main.o(!!!main) for __main
    startup_stm32f10x_md.o(.text) refers to startup_stm32f10x_md.o(HEAP) for Heap_Mem
    startup_stm32f10x_md.o(.text) refers to startup_stm32f10x_md.o(STACK) for Stack_Mem
    system_stm32f10x.o(i.SetSysClock) refers to system_stm32f10x.o(i.SetSysClockTo72) for SetSysClockTo72
    system_stm32f10x.o(i.SystemCoreClockUpdate) refers to system_stm32f10x.o(.data) for SystemCoreClock
    system_stm32f10x.o(i.SystemInit) refers to system_stm32f10x.o(i.SetSysClock) for SetSysClock
    stm32f10x_adc.o(i.ADC_DeInit) refers to stm32f10x_rcc.o(i.RCC_APB2PeriphResetCmd) for RCC_APB2PeriphResetCmd
    stm32f10x_bkp.o(i.BKP_DeInit) refers to stm32f10x_rcc.o(i.RCC_BackupResetCmd) for RCC_BackupResetCmd
    stm32f10x_can.o(i.CAN_DeInit) refers to stm32f10x_rcc.o(i.RCC_APB1PeriphResetCmd) for RCC_APB1PeriphResetCmd
    stm32f10x_can.o(i.CAN_GetITStatus) refers to stm32f10x_can.o(i.CheckITStatus) for CheckITStatus
    stm32f10x_cec.o(i.CEC_DeInit) refers to stm32f10x_rcc.o(i.RCC_APB1PeriphResetCmd) for RCC_APB1PeriphResetCmd
    stm32f10x_dac.o(i.DAC_DeInit) refers to stm32f10x_rcc.o(i.RCC_APB1PeriphResetCmd) for RCC_APB1PeriphResetCmd
    stm32f10x_flash.o(i.FLASH_EnableWriteProtection) refers to stm32f10x_flash.o(i.FLASH_WaitForLastOperation) for FLASH_WaitForLastOperation
    stm32f10x_flash.o(i.FLASH_EraseAllBank1Pages) refers to stm32f10x_flash.o(i.FLASH_WaitForLastBank1Operation) for FLASH_WaitForLastBank1Operation
    stm32f10x_flash.o(i.FLASH_EraseAllPages) refers to stm32f10x_flash.o(i.FLASH_WaitForLastOperation) for FLASH_WaitForLastOperation
    stm32f10x_flash.o(i.FLASH_EraseOptionBytes) refers to stm32f10x_flash.o(i.FLASH_GetReadOutProtectionStatus) for FLASH_GetReadOutProtectionStatus
    stm32f10x_flash.o(i.FLASH_EraseOptionBytes) refers to stm32f10x_flash.o(i.FLASH_WaitForLastOperation) for FLASH_WaitForLastOperation
    stm32f10x_flash.o(i.FLASH_ErasePage) refers to stm32f10x_flash.o(i.FLASH_WaitForLastOperation) for FLASH_WaitForLastOperation
    stm32f10x_flash.o(i.FLASH_ProgramHalfWord) refers to stm32f10x_flash.o(i.FLASH_WaitForLastOperation) for FLASH_WaitForLastOperation
    stm32f10x_flash.o(i.FLASH_ProgramOptionByteData) refers to stm32f10x_flash.o(i.FLASH_WaitForLastOperation) for FLASH_WaitForLastOperation
    stm32f10x_flash.o(i.FLASH_ProgramWord) refers to stm32f10x_flash.o(i.FLASH_WaitForLastOperation) for FLASH_WaitForLastOperation
    stm32f10x_flash.o(i.FLASH_ReadOutProtection) refers to stm32f10x_flash.o(i.FLASH_WaitForLastOperation) for FLASH_WaitForLastOperation
    stm32f10x_flash.o(i.FLASH_UserOptionByteConfig) refers to stm32f10x_flash.o(i.FLASH_WaitForLastOperation) for FLASH_WaitForLastOperation
    stm32f10x_flash.o(i.FLASH_WaitForLastBank1Operation) refers to stm32f10x_flash.o(i.FLASH_GetBank1Status) for FLASH_GetBank1Status
    stm32f10x_flash.o(i.FLASH_WaitForLastOperation) refers to stm32f10x_flash.o(i.FLASH_GetBank1Status) for FLASH_GetBank1Status
[...]
    ../clib/angel/boardlib.s                 0x00000000   Number         0  boardshut.o ABSOLUTE
    ../clib/angel/handlers.s                 0x00000000   Number         0  __scatter_zi.o ABSOLUTE
    ../clib/angel/handlers.s                 0x00000000   Number         0  __scatter_copy.o ABSOLUTE
    ../clib/angel/kernel.s                   0x00000000   Number         0  rtexit.o ABSOLUTE
    ../clib/angel/kernel.s                   0x00000000   Number         0  __rtentry4.o ABSOLUTE
    ../clib/angel/kernel.s                   0x00000000   Number         0  __rtentry2.o ABSOLUTE
    ../clib/angel/kernel.s                   0x00000000   Number         0  rtexit2.o ABSOLUTE
    ../clib/angel/kernel.s                   0x00000000   Number         0  __rtentry.o ABSOLUTE
    ../clib/angel/rt.s                       0x00000000   Number         0  rt_raise.o ABSOLUTE
    ../clib/angel/scatter.s                  0x00000000   Number         0  __scatter.o ABSOLUTE
    ../clib/angel/startup.s                  0x00000000   Number         0  __main.o ABSOLUTE
    ../clib/angel/sys.s                      0x00000000   Number         0  sys_stackheap_outer.o ABSOLUTE
    ../clib/angel/sys.s                      0x00000000   Number         0  indicate_semi.o ABSOLUTE
    ../clib/angel/sys.s                      0x00000000   Number         0  use_no_semi.o ABSOLUTE
    ../clib/angel/sys.s                      0x00000000   Number         0  libspace.o ABSOLUTE
    ../clib/angel/sysapp.c                   0x00000000   Number         0  sys_wrch.o ABSOLUTE
    ../clib/angel/sysapp.c                   0x00000000   Number         0  sys_exit.o ABSOLUTE
    ../clib/angel/sysapp.c                   0x00000000   Number         0  sys_command.o ABSOLUTE
    ../clib/armsys.c                         0x00000000   Number         0  no_argv.o ABSOLUTE
    ../clib/armsys.c                         0x00000000   Number         0  argv_veneer.o ABSOLUTE
    ../clib/armsys.c                         0x00000000   Number         0  argv_veneer.o ABSOLUTE
    ../clib/armsys.c                         0x00000000   Number         0  _get_argv_nomalloc.o ABSOLUTE
    ../clib/heapalloc.c                      0x00000000   Number         0  hrguard.o ABSOLUTE
    ../clib/heapaux.c                        0x00000000   Number         0  heapauxi.o ABSOLUTE
    ../clib/libinit.s                        0x00000000   Number         0  libshutdown2.o ABSOLUTE
    ../clib/libinit.s                        0x00000000   Number         0  libshutdown.o ABSOLUTE
    ../clib/libinit.s                        0x00000000   Number         0  libinit2.o ABSOLUTE
    ../clib/libinit.s                        0x00000000   Number         0  libinit.o ABSOLUTE
    ../clib/memcpset.s                       0x00000000   Number         0  rt_memcpy_w.o ABSOLUTE
    ../clib/signal.c                         0x00000000   Number         0  defsig_segv_inner.o ABSOLUTE
    ../clib/signal.c                         0x00000000   Number         0  defsig_cppl_inner.o ABSOLUTE
    ../clib/signal.c                         0x00000000   Number         0  defsig_pvfn_inner.o ABSOLUTE
    ../clib/signal.c                         0x00000000   Number         0  defsig_stak_inner.o ABSOLUTE
    ../clib/signal.c                         0x00000000   Number         0  __raise.o ABSOLUTE
    ../clib/signal.c                         0x00000000   Number         0  defsig_fpe_inner.o ABSOLUTE
    ../clib/signal.c                         0x00000000   Number         0  defsig_abrt_inner.o ABSOLUTE
    ../clib/signal.c                         0x00000000   Number         0  defsig_general.o ABSOLUTE
    ../clib/signal.c                         0x00000000   Number         0  defsig_rtmem_inner.o ABSOLUTE
    ../clib/signal.c                         0x00000000   Number         0  defsig_exit.o ABSOLUTE
    ../clib/signal.c                         0x00000000   Number         0  defsig_rtmem_formal.o ABSOLUTE
    ../clib/signal.c                         0x00000000   Number         0  defsig_rtred_inner.o ABSOLUTE
    ../clib/signal.c                         0x00000000   Number         0  defsig_other.o ABSOLUTE
    ../clib/signal.c                         0x00000000   Number         0  defsig_rtmem_outer.o ABSOLUTE
    ../clib/signal.s                         0x00000000   Number         0  defsig.o ABSOLUTE
    ../clib/stdlib.c                         0x00000000   Number         0  exit.o ABSOLUTE
    ../fplib/d2f.s                           0x00000000   Number         0  d2f.o ABSOLUTE
    ../fplib/daddsub.s                       0x00000000   Number         0  daddsub_clz.o ABSOLUTE
    ../fplib/dcmpi.s                         0x00000000   Number         0  dcmpi.o ABSOLUTE
    ../fplib/ddiv.s                          0x00000000   Number         0  ddiv.o ABSOLUTE
    ../fplib/dfix.s                          0x00000000   Number         0  dfix.o ABSOLUTE
    ../fplib/dflt.s                          0x00000000   Number         0  dflt_clz.o ABSOLUTE
    ../fplib/dleqf.s                         0x00000000   Number         0  dleqf.o ABSOLUTE
    ../fplib/dmul.s                          0x00000000   Number         0  dmul.o ABSOLUTE
    ../fplib/dnaninf.s                       0x00000000   Number         0  dnaninf.o ABSOLUTE
    ../fplib/dretinf.s                       0x00000000   Number         0  dretinf.o ABSOLUTE
    ../fplib/f2d.s                           0x00000000   Number         0  f2d.o ABSOLUTE
    ../fplib/faddsub.s                       0x00000000   Number         0  faddsub_clz.o ABSOLUTE
    ../fplib/fcmpi.s                         0x00000000   Number         0  fcmpi.o ABSOLUTE
    ../fplib/fdiv.s                          0x00000000   Number         0  fdiv.o ABSOLUTE
    ../fplib/ffix.s                          0x00000000   Number         0  ffix.o ABSOLUTE
    ../fplib/ffixu.s                         0x00000000   Number         0  ffixu.o ABSOLUTE
    ../fplib/fflt.s                          0x00000000   Number         0  fflt_clz.o ABSOLUTE
    ../fplib/fleqf.s                         0x00000000   Number         0  fleqf.o ABSOLUTE
    ../fplib/fmul.s                          0x00000000   Number         0  fmul.o ABSOLUTE
    ../fplib/fnaninf.s                       0x00000000   Number         0  fnaninf.o ABSOLUTE
    ../fplib/fpinit.s                        0x00000000   Number         0  fpinit.o ABSOLUTE
    ../fplib/fretinf.s                       0x00000000   Number         0  fretinf.o ABSOLUTE
    ../fplib/frleqf.s                        0x00000000   Number         0  frleqf.o ABSOLUTE
    ../fplib/usenofp.s                       0x00000000   Number         0  usenofp.o ABSOLUTE
    Hardware\Buzzer.c                        0x00000000   Number         0  buzzer.o ABSOLUTE
    Hardware\Encoder.c                       0x00000000   Number         0  encoder.o ABSOLUTE
    Hardware\JY62.c                          0x00000000   Number         0  jy62.o ABSOLUTE
    Hardware\Key.c                           0x00000000   Number         0  key.o ABSOLUTE
    Hardware\LED.c                           0x00000000   Number         0  led.o ABSOLUTE
    Hardware\LightSensor.c                   0x00000000   Number         0  lightsensor.o ABSOLUTE
    Hardware\Motor.c                         0x00000000   Number         0  motor.o ABSOLUTE
    Hardware\OLED.c                          0x00000000   Number         0  oled.o ABSOLUTE
    Hardware\PWM.c                           0x00000000   Number         0  pwm.o ABSOLUTE
    Hardware\Timer.c                         0x00000000   Number         0  timer.o ABSOLUTE
    Hardware\Track.c                         0x00000000   Number         0  track.o ABSOLUTE
    Library\misc.c                           0x00000000   Number         0  misc.o ABSOLUTE
    Library\stm32f10x_adc.c                  0x00000000   Number         0  stm32f10x_adc.o ABSOLUTE
    Library\stm32f10x_bkp.c                  0x00000000   Number         0  stm32f10x_bkp.o ABSOLUTE
    Library\stm32f10x_can.c                  0x00000000   Number         0  stm32f10x_can.o ABSOLUTE
    Library\stm32f10x_cec.c                  0x00000000   Number         0  stm32f10x_cec.o ABSOLUTE
    Library\stm32f10x_crc.c                  0x00000000   Number         0  stm32f10x_crc.o ABSOLUTE
    Library\stm32f10x_dac.c                  0x00000000   Number         0  stm32f10x_dac.o ABSOLUTE
    Library\stm32f10x_dbgmcu.c               0x00000000   Number         0  stm32f10x_dbgmcu.o ABSOLUTE
    Library\stm32f10x_dma.c                  0x00000000   Number         0  stm32f10x_dma.o ABSOLUTE
    Library\stm32f10x_exti.c                 0x00000000   Number         0  stm32f10x_exti.o ABSOLUTE
    Library\stm32f10x_flash.c                0x00000000   Number         0  stm32f10x_flash.o ABSOLUTE
    Library\stm32f10x_fsmc.c                 0x00000000   Number         0  stm32f10x_fsmc.o ABSOLUTE
    Library\stm32f10x_gpio.c                 0x00000000   Number         0  stm32f10x_gpio.o ABSOLUTE
    Library\stm32f10x_i2c.c                  0x00000000   Number         0  stm32f10x_i2c.o ABSOLUTE
    Library\stm32f10x_iwdg.c                 0x00000000   Number         0  stm32f10x_iwdg.o ABSOLUTE
    Library\stm32f10x_pwr.c                  0x00000000   Number         0  stm32f10x_pwr.o ABSOLUTE
    Library\stm32f10x_rcc.c                  0x00000000   Number         0  stm32f10x_rcc.o ABSOLUTE
    Library\stm32f10x_rtc.c                  0x00000000   Number         0  stm32f10x_rtc.o ABSOLUTE
    Library\stm32f10x_sdio.c                 0x00000000   Number         0  stm32f10x_sdio.o ABSOLUTE
    Library\stm32f10x_spi.c                  0x00000000   Number         0  stm32f10x_spi.o ABSOLUTE
    Library\stm32f10x_tim.c                  0x00000000   Number         0  stm32f10x_tim.o ABSOLUTE
    Library\stm32f10x_usart.c                0x00000000   Number         0  stm32f10x_usart.o ABSOLUTE
    Library\stm32f10x_wwdg.c                 0x00000000   Number         0  stm32f10x_wwdg.o ABSOLUTE
    Start\\core_cm3.c                        0x00000000   Number         0  core_cm3.o ABSOLUTE
    Start\core_cm3.c                         0x00000000   Number         0  core_cm3.o ABSOLUTE
    Start\startup_stm32f10x_md.s             0x00000000   Number         0  startup_stm32f10x_md.o ABSOLUTE
    Start\system_stm32f10x.c                 0x00000000   Number         0  system_stm32f10x.o ABSOLUTE
    System\Delay.c                           0x00000000   Number         0  delay.o ABSOLUTE
    User\main.c                              0x00000000   Number         0  main.o ABSOLUTE
    User\stm32f10x_it.c                      0x00000000   Number         0  stm32f10x_it.o ABSOLUTE
    dc.s                                     0x00000000   Number         0  dc.o ABSOLUTE
    RESET                                    0x08000000   Section      236  startup_stm32f10x_md.o(RESET)
    !!!main                                  0x080000ec   Section        8  __main.o(!!!main)
    !!!scatter                               0x080000f4   Section       52  __scatter.o(!!!scatter)
    !!handler_copy                           0x08000128   Section       26  __scatter_copy.o(!!handler_copy)
    !!handler_zi                             0x08000144   Section       28  __scatter_zi.o(!!handler_zi)
    .ARM.Collect$$libinit$$00000000          0x08000160   Section        2  libinit.o(.ARM.Collect$$libinit$$00000000)
    .ARM.Collect$$libinit$$00000002          0x08000162   Section        0  libinit2.o(.ARM.Collect$$libinit$$00000002)
    .ARM.Collect$$libinit$$00000004          0x08000162   Section        0  libinit2.o(.ARM.Collect$$libinit$$00000004)
    .ARM.Collect$$libinit$$0000000A          0x08000162   Section        0  libinit2.o(.ARM.Collect$$libinit$$0000000A)
    .ARM.Collect$$libinit$$0000000C          0x08000162   Section        0  libinit2.o(.ARM.Collect$$libinit$$0000000C)
    .ARM.Collect$$libinit$$0000000E          0x08000162   Section        0  libinit2.o(.ARM.Collect$$libinit$$0000000E)
    .ARM.Collect$$libinit$$00000011          0x08000162   Section        0  libinit2.o(.ARM.Collect$$libinit$$00000011)
    .ARM.Collect$$libinit$$00000013          0x08000162   Section        0  libinit2.o(.ARM.Collect$$libinit$$00000013)
    .ARM.Collect$$libinit$$00000015          0x08000162   Section        0  libinit2.o(.ARM.Collect$$libinit$$00000015)
    .ARM.Collect$$libinit$$00000017          0x08000162   Section        0  libinit2.o(.ARM.Collect$$libinit$$00000017)
    .ARM.Collect$$libinit$$00000019          0x08000162   Section        0  libinit2.o(.ARM.Collect$$libinit$$00000019)
    .ARM.Collect$$libinit$$0000001B          0x08000162   Section        0  libinit2.o(.ARM.Collect$$libinit$$0000001B)
    .ARM.Collect$$libinit$$0000001D          0x08000162   Section        0  libinit2.o(.ARM.Collect$$libinit$$0000001D)
    .ARM.Collect$$libinit$$0000001F          0x08000162   Section        0  libinit2.o(.ARM.Collect$$libinit$$0000001F)
    .ARM.Collect$$libinit$$00000021          0x08000162   Section        0  libinit2.o(.ARM.Collect$$libinit$$00000021)
    .ARM.Collect$$libinit$$00000023          0x08000162   Section        0  libinit2.o(.ARM.Collect$$libinit$$00000023)
    .ARM.Collect$$libinit$$00000025          0x08000162   Section        0  libinit2.o(.ARM.Collect$$libinit$$00000025)
    .ARM.Collect$$libinit$$0000002C          0x08000162   Section        0  libinit2.o(.ARM.Collect$$libinit$$0000002C)
    .ARM.Collect$$libinit$$0000002E          0x08000162   Section        0  libinit2.o(.ARM.Collect$$libinit$$0000002E)
    .ARM.Collect$$libinit$$00000030          0x08000162   Section        0  libinit2.o(.ARM.Collect$$libinit$$00000030)
    .ARM.Collect$$libinit$$00000032          0x08000162   Section        0  libinit2.o(.ARM.Collect$$libinit$$00000032)
    .ARM.Collect$$libinit$$00000033          0x08000162   Section        2  libinit2.o(.ARM.Collect$$libinit$$00000033)
    .ARM.Collect$$libshutdown$$00000000      0x08000164   Section        2  libshutdown.o(.ARM.Collect$$libshutdown$$00000000)
    .ARM.Collect$$libshutdown$$00000002      0x08000166   Section        0  libshutdown2.o(.ARM.Collect$$libshutdown$$00000002)
    .ARM.Collect$$libshutdown$$00000004      0x08000166   Section        0  libshutdown2.o(.ARM.Collect$$libshutdown$$00000004)
    .ARM.Collect$$libshutdown$$00000007      0x08000166   Section        0  libshutdown2.o(.ARM.Collect$$libshutdown$$00000007)
    .ARM.Collect$$libshutdown$$0000000A      0x08000166   Section        0  libshutdown2.o(.ARM.Collect$$libshutdown$$0000000A)
    .ARM.Collect$$libshutdown$$0000000C      0x08000166   Section        0  libshutdown2.o(.ARM.Collect$$libshutdown$$0000000C)
    .ARM.Collect$$libshutdown$$0000000F      0x08000166   Section        0  libshutdown2.o(.ARM.Collect$$libshutdown$$0000000F)
    .ARM.Collect$$libshutdown$$00000010      0x08000166   Section        2  libshutdown2.o(.ARM.Collect$$libshutdown$$00000010)
    .ARM.Collect$$rtentry$$00000000          0x08000168   Section        0  __rtentry.o(.ARM.Collect$$rtentry$$00000000)
    .ARM.Collect$$rtentry$$00000002          0x08000168   Section        0  __rtentry2.o(.ARM.Collect$$rtentry$$00000002)
    .ARM.Collect$$rtentry$$00000004          0x08000168   Section        6  __rtentry4.o(.ARM.Collect$$rtentry$$00000004)
    .ARM.Collect$$rtentry$$00000009          0x0800016e   Section        0  __rtentry2.o(.ARM.Collect$$rtentry$$00000009)
    .ARM.Collect$$rtentry$$0000000A          0x0800016e   Section        4  __rtentry2.o(.ARM.Collect$$rtentry$$0000000A)
    .ARM.Collect$$rtentry$$0000000C          0x08000172   Section        0  __rtentry2.o(.ARM.Collect$$rtentry$$0000000C)
    .ARM.Collect$$rtentry$$0000000D          0x08000172   Section        8  __rtentry2.o(.ARM.Collect$$rtentry$$0000000D)
    .ARM.Collect$$rtexit$$00000000           0x0800017a   Section        2  rtexit.o(.ARM.Collect$$rtexit$$00000000)
    .ARM.Collect$$rtexit$$00000002           0x0800017c   Section        0  rtexit2.o(.ARM.Collect$$rtexit$$00000002)
    .ARM.Collect$$rtexit$$00000003           0x0800017c   Section        4  rtexit2.o(.ARM.Collect$$rtexit$$00000003)
    .ARM.Collect$$rtexit$$00000004           0x08000180   Section        6  rtexit2.o(.ARM.Collect$$rtexit$$00000004)
    .text                                    0x08000188   Section       64  startup_stm32f10x_md.o(.text)
    .text                                    0x080001c8   Section      100  rt_memcpy_w.o(.text)
    .text                                    0x0800022c   Section        0  heapauxi.o(.text)
    .text                                    0x08000232   Section       74  sys_stackheap_outer.o(.text)
    .text                                    0x0800027c   Section        0  exit.o(.text)
    .text                                    0x08000290   Section        8  libspace.o(.text)
    .text                                    0x08000298   Section        0  sys_exit.o(.text)
    .text                                    0x080002a4   Section        2  use_no_semi.o(.text)
    .text                                    0x080002a6   Section        0  indicate_semi.o(.text)
    i.BusFault_Handler                       0x080002a6   Section        0  stm32f10x_it.o(i.BusFault_Handler)
    i.Buzzer_Init                            0x080002ac   Section        0  buzzer.o(i.Buzzer_Init)
    i.Buzzer_OFF                             0x080002e0   Section        0  buzzer.o(i.Buzzer_OFF)
    i.Buzzer_ON                              0x080002f0   Section        0  buzzer.o(i.Buzzer_ON)
    i.DebugMon_Handler                       0x08000300   Section        0  stm32f10x_it.o(i.DebugMon_Handler)
    i.Delay_ms                               0x08000302   Section        0  delay.o(i.Delay_ms)
    i.Delay_us                               0x0800031a   Section        0  delay.o(i.Delay_us)
    i.Encoder_Init                           0x08000348   Section        0  encoder.o(i.Encoder_Init)
    i.Encoder_Reset                          0x08000444   Section        0  encoder.o(i.Encoder_Reset)
    i.GPIO_Init                              0x08000460   Section        0  stm32f10x_gpio.o(i.GPIO_Init)
    i.GPIO_ReadInputDataBit                  0x08000576   Section        0  stm32f10x_gpio.o(i.GPIO_ReadInputDataBit)
    i.GPIO_ResetBits                         0x08000588   Section        0  stm32f10x_gpio.o(i.GPIO_ResetBits)
    i.GPIO_SetBits                           0x0800058c   Section        0  stm32f10x_gpio.o(i.GPIO_SetBits)
    i.GPIO_WriteBit                          0x08000590   Section        0  stm32f10x_gpio.o(i.GPIO_WriteBit)
    i.HardFault_Handler                      0x0800059a   Section        0  stm32f10x_it.o(i.HardFault_Handler)
    i.JY62_GetYaw                            0x080005a0   Section        0  jy62.o(i.JY62_GetYaw)
    i.JY62_Init                              0x080005ac   Section        0  jy62.o(i.JY62_Init)
    i.JY62_RotateToAngle                     0x08000654   Section        0  jy62.o(i.JY62_RotateToAngle)
    i.JY62_UpdateData                        0x080008d8   Section        0  jy62.o(i.JY62_UpdateData)
    i.Key_GetNum                             0x080008ec   Section        0  key.o(i.Key_GetNum)
    i.Key_Init                               0x0800097c   Section        0  key.o(i.Key_Init)
    i.LED_Init                               0x080009bc   Section        0  led.o(i.LED_Init)
    i.LED_OFF                                0x080009f0   Section        0  led.o(i.LED_OFF)
    i.LED_ON                                 0x08000a04   Section        0  led.o(i.LED_ON)
    i.MemManage_Handler                      0x08000a18   Section        0  stm32f10x_it.o(i.MemManage_Handler)
    i.Motor_Init                             0x08000a1c   Section        0  motor.o(i.Motor_Init)
    i.Motor_SetLeftSpeed                     0x08000a4c   Section        0  motor.o(i.Motor_SetLeftSpeed)
    i.Motor_SetRightSpeed                    0x08000aa4   Section        0  motor.o(i.Motor_SetRightSpeed)
    i.Motor_SetSpeed                         0x08000afc   Section        0  motor.o(i.Motor_SetSpeed)
    i.NMI_Handler                            0x08000ba4   Section        0  stm32f10x_it.o(i.NMI_Handler)
    i.NVIC_Init                              0x08000ba8   Section        0  misc.o(i.NVIC_Init)
    i.NVIC_PriorityGroupConfig               0x08000c18   Section        0  misc.o(i.NVIC_PriorityGroupConfig)
    i.OLED_Clear                             0x08000c2c   Section        0  oled.o(i.OLED_Clear)
    i.OLED_I2C_Init                          0x08000c58   Section        0  oled.o(i.OLED_I2C_Init)
    i.OLED_I2C_SendByte                      0x08000ca8   Section        0  oled.o(i.OLED_I2C_SendByte)
    i.OLED_I2C_Start                         0x08000d04   Section        0  oled.o(i.OLED_I2C_Start)
    i.OLED_I2C_Stop                          0x08000d38   Section        0  oled.o(i.OLED_I2C_Stop)
    i.OLED_Init                              0x08000d60   Section        0  oled.o(i.OLED_Init)
    i.OLED_Pow                               0x08000e0e   Section        0  oled.o(i.OLED_Pow)
    i.OLED_SetCursor                         0x08000e22   Section        0  oled.o(i.OLED_SetCursor)
    i.OLED_ShowChar                          0x08000e44   Section        0  oled.o(i.OLED_ShowChar)
    i.OLED_ShowFloat                         0x08000eb8   Section        0  oled.o(i.OLED_ShowFloat)
    i.OLED_ShowSignedNum                     0x08001044   Section        0  oled.o(i.OLED_ShowSignedNum)
    i.OLED_ShowString                        0x080010aa   Section        0  oled.o(i.OLED_ShowString)
    i.OLED_WriteCommand                      0x080010d2   Section        0  oled.o(i.OLED_WriteCommand)
    i.OLED_WriteData                         0x080010f2   Section        0  oled.o(i.OLED_WriteData)
    i.PWM_Init                               0x08001114   Section        0  pwm.o(i.PWM_Init)
    i.PWM_SetCompare1                        0x080011b4   Section        0  pwm.o(i.PWM_SetCompare1)
    i.PWM_SetCompare2                        0x080011c4   Section        0  pwm.o(i.PWM_SetCompare2)
    i.PendSV_Handler                         0x080011d4   Section        0  stm32f10x_it.o(i.PendSV_Handler)
    i.RCC_APB1PeriphClockCmd                 0x080011d8   Section        0  stm32f10x_rcc.o(i.RCC_APB1PeriphClockCmd)
    i.RCC_APB2PeriphClockCmd                 0x080011f8   Section        0  stm32f10x_rcc.o(i.RCC_APB2PeriphClockCmd)
    i.RCC_GetClocksFreq                      0x08001218   Section        0  stm32f10x_rcc.o(i.RCC_GetClocksFreq)
    i.SVC_Handler                            0x080012ec   Section        0  stm32f10x_it.o(i.SVC_Handler)
    i.SetSysClock                            0x080012ee   Section        0  system_stm32f10x.o(i.SetSysClock)
    SetSysClock                              0x080012ef   Thumb Code     8  system_stm32f10x.o(i.SetSysClock)
    i.SetSysClockTo72                        0x080012f8   Section        0  system_stm32f10x.o(i.SetSysClockTo72)
    SetSysClockTo72                          0x080012f9   Thumb Code   214  system_stm32f10x.o(i.SetSysClockTo72)
    i.SysTick_Handler                        0x080013d8   Section        0  stm32f10x_it.o(i.SysTick_Handler)
    i.SystemInit                             0x080013dc   Section        0  system_stm32f10x.o(i.SystemInit)
    i.TI1_Config                             0x0800143c   Section        0  stm32f10x_tim.o(i.TI1_Config)
    TI1_Config                               0x0800143d   Thumb Code   108  stm32f10x_tim.o(i.TI1_Config)
    i.TI2_Config                             0x080014bc   Section        0  stm32f10x_tim.o(i.TI2_Config)
    TI2_Config                               0x080014bd   Thumb Code   130  stm32f10x_tim.o(i.TI2_Config)
    i.TI3_Config                             0x08001554   Section        0  stm32f10x_tim.o(i.TI3_Config)
    TI3_Config                               0x08001555   Thumb Code   122  stm32f10x_tim.o(i.TI3_Config)
    i.TI4_Config                             0x080015e4   Section        0  stm32f10x_tim.o(i.TI4_Config)
    TI4_Config                               0x080015e5   Thumb Code   130  stm32f10x_tim.o(i.TI4_Config)
    i.TIM3_IRQHandler                        0x0800167c   Section        0  main.o(i.TIM3_IRQHandler)
    i.TIM_ClearFlag                          0x08001a04   Section        0  stm32f10x_tim.o(i.TIM_ClearFlag)
    i.TIM_ClearITPendingBit                  0x08001a0a   Section        0  stm32f10x_tim.o(i.TIM_ClearITPendingBit)
    i.TIM_Cmd                                0x08001a10   Section        0  stm32f10x_tim.o(i.TIM_Cmd)
    i.TIM_EncoderInterfaceConfig             0x08001a28   Section        0  stm32f10x_tim.o(i.TIM_EncoderInterfaceConfig)
    i.TIM_GetITStatus                        0x08001a6a   Section        0  stm32f10x_tim.o(i.TIM_GetITStatus)
    i.TIM_ICInit                             0x08001a8c   Section        0  stm32f10x_tim.o(i.TIM_ICInit)
    i.TIM_ICStructInit                       0x08001b38   Section        0  stm32f10x_tim.o(i.TIM_ICStructInit)
    i.TIM_ITConfig                           0x08001b4a   Section        0  stm32f10x_tim.o(i.TIM_ITConfig)
    i.TIM_InternalClockConfig                0x08001b5c   Section        0  stm32f10x_tim.o(i.TIM_InternalClockConfig)
    i.TIM_OC1Init                            0x08001b68   Section        0  stm32f10x_tim.o(i.TIM_OC1Init)
    i.TIM_OC2Init                            0x08001c00   Section        0  stm32f10x_tim.o(i.TIM_OC2Init)
    i.TIM_OCStructInit                       0x08001ca4   Section        0  stm32f10x_tim.o(i.TIM_OCStructInit)
    i.TIM_SetCompare1                        0x08001cb8   Section        0  stm32f10x_tim.o(i.TIM_SetCompare1)
    i.TIM_SetCompare2                        0x08001cbc   Section        0  stm32f10x_tim.o(i.TIM_SetCompare2)
    i.TIM_SetCounter                         0x08001cc0   Section        0  stm32f10x_tim.o(i.TIM_SetCounter)
    i.TIM_SetIC1Prescaler                    0x08001cc4   Section        0  stm32f10x_tim.o(i.TIM_SetIC1Prescaler)
    i.TIM_SetIC2Prescaler                    0x08001cd6   Section        0  stm32f10x_tim.o(i.TIM_SetIC2Prescaler)
    i.TIM_SetIC3Prescaler                    0x08001cf0   Section        0  stm32f10x_tim.o(i.TIM_SetIC3Prescaler)
    i.TIM_SetIC4Prescaler                    0x08001d02   Section        0  stm32f10x_tim.o(i.TIM_SetIC4Prescaler)
    i.TIM_TimeBaseInit                       0x08001d1c   Section        0  stm32f10x_tim.o(i.TIM_TimeBaseInit)
    i.Timer_Init                             0x08001dc0   Section        0  timer.o(i.Timer_Init)
    i.Track_GetError                         0x08001e3c   Section        0  track.o(i.Track_GetError)
    i.Track_Init                             0x08001e9c   Section        0  track.o(i.Track_Init)
    i.Track_ReadAll                          0x08001ef8   Section        0  track.o(i.Track_ReadAll)
    i.Track_ReadChannel                      0x08001f18   Section        0  track.o(i.Track_ReadChannel)
    i.Track_SelectChannel                    0x08001f4c   Section        0  track.o(i.Track_SelectChannel)
    Track_SelectChannel                      0x08001f4d   Thumb Code    82  track.o(i.Track_SelectChannel)
    i.USART3_IRQHandler                      0x08001fa4   Section        0  jy62.o(i.USART3_IRQHandler)
    i.USART_ClearITPendingBit                0x080020f0   Section        0  stm32f10x_usart.o(i.USART_ClearITPendingBit)
    i.USART_Cmd                              0x0800210e   Section        0  stm32f10x_usart.o(i.USART_Cmd)
    i.USART_GetITStatus                      0x08002126   Section        0  stm32f10x_usart.o(i.USART_GetITStatus)
    i.USART_ITConfig                         0x0800217a   Section        0  stm32f10x_usart.o(i.USART_ITConfig)
    i.USART_Init                             0x080021c4   Section        0  stm32f10x_usart.o(i.USART_Init)
    i.USART_ReceiveData                      0x0800229c   Section        0  stm32f10x_usart.o(i.USART_ReceiveData)
    i.UsageFault_Handler                     0x080022a6   Section        0  stm32f10x_it.o(i.UsageFault_Handler)
    i.main                                   0x080022ac   Section        0  main.o(i.main)
    x$fpl$d2f                                0x080024dc   Section       98  d2f.o(x$fpl$d2f)
    x$fpl$dadd                               0x08002540   Section      336  daddsub_clz.o(x$fpl$dadd)
    _dadd1                                   0x08002551   Thumb Code     0  daddsub_clz.o(x$fpl$dadd)
    x$fpl$dcmpinf                            0x08002690   Section       24  dcmpi.o(x$fpl$dcmpinf)
    x$fpl$ddiv                               0x080026a8   Section      688  ddiv.o(x$fpl$ddiv)
    ddiv_entry                               0x080026af   Thumb Code     0  ddiv.o(x$fpl$ddiv)
    x$fpl$dflt                               0x08002958   Section       46  dflt_clz.o(x$fpl$dflt)
    x$fpl$dleqf                              0x08002988   Section      120  dleqf.o(x$fpl$dleqf)
    x$fpl$dnaninf                            0x08002a00   Section      156  dnaninf.o(x$fpl$dnaninf)
    x$fpl$dretinf                            0x08002a9c   Section       12  dretinf.o(x$fpl$dretinf)
    x$fpl$dsub                               0x08002aa8   Section      468  daddsub_clz.o(x$fpl$dsub)
    _dsub1                                   0x08002ab9   Thumb Code     0  daddsub_clz.o(x$fpl$dsub)
    x$fpl$f2d                                0x08002c7c   Section       86  f2d.o(x$fpl$f2d)
    x$fpl$fadd                               0x08002cd4   Section      196  faddsub_clz.o(x$fpl$fadd)
    _fadd1                                   0x08002ce3   Thumb Code     0  faddsub_clz.o(x$fpl$fadd)
    x$fpl$fcmpinf                            0x08002d98   Section       24  fcmpi.o(x$fpl$fcmpinf)
    x$fpl$fdiv                               0x08002db0   Section      388  fdiv.o(x$fpl$fdiv)
    _fdiv1                                   0x08002db1   Thumb Code     0  fdiv.o(x$fpl$fdiv)
    x$fpl$ffix                               0x08002f34   Section       54  ffix.o(x$fpl$ffix)
    x$fpl$ffixu                              0x08002f6c   Section       62  ffixu.o(x$fpl$ffixu)
    x$fpl$fflt                               0x08002fac   Section       48  fflt_clz.o(x$fpl$fflt)
    x$fpl$ffltu                              0x08002fdc   Section       38  fflt_clz.o(x$fpl$ffltu)
    x$fpl$fleqf                              0x08003004   Section      104  fleqf.o(x$fpl$fleqf)
    x$fpl$fmul                               0x0800306c   Section      258  fmul.o(x$fpl$fmul)
    x$fpl$fnaninf                            0x0800316e   Section      140  fnaninf.o(x$fpl$fnaninf)
    x$fpl$fretinf                            0x080031fa   Section       10  fretinf.o(x$fpl$fretinf)
    x$fpl$frleqf                             0x08003204   Section       98  frleqf.o(x$fpl$frleqf)
    x$fpl$frsb                               0x08003266   Section       20  faddsub_clz.o(x$fpl$frsb)
    x$fpl$fsub                               0x0800327c   Section      234  faddsub_clz.o(x$fpl$fsub)
    _fsub1                                   0x0800328b   Thumb Code     0  faddsub_clz.o(x$fpl$fsub)
    .constdata                               0x08003366   Section     1520  oled.o(.constdata)
    x$fpl$usenofp                            0x08003366   Section        0  usenofp.o(x$fpl$usenofp)
    .constdata                               0x08003958   Section       32  track.o(.constdata)
    .data                                    0x20000000   Section       20  stm32f10x_rcc.o(.data)
    APBAHBPrescTable                         0x20000000   Data          16  stm32f10x_rcc.o(.data)
    ADCPrescTable                            0x20000010   Data           4  stm32f10x_rcc.o(.data)
    .data                                    0x20000014   Section        2  jy62.o(.data)
    .data                                    0x20000018   Section      116  main.o(.data)
    angleErrorSum                            0x20000084   Data           4  main.o(.data)
    lastAngleError                           0x20000088   Data           4  main.o(.data)
    .bss                                     0x2000008c   Section       47  jy62.o(.bss)
    .bss                                     0x200000bc   Section       96  libspace.o(.bss)
    HEAP                                     0x20000120   Section      512  startup_stm32f10x_md.o(HEAP)
    Heap_Mem                                 0x20000120   Data         512  startup_stm32f10x_md.o(HEAP)
    STACK                                    0x20000320   Section     1024  startup_stm32f10x_md.o(STACK)
    Stack_Mem                                0x20000320   Data        1024  startup_stm32f10x_md.o(STACK)
    __initial_sp                             0x20000720   Data           0  startup_stm32f10x_md.o(STACK)

    Global Symbols

    Symbol Name                              Value     Ov Type        Size  Object(Section)

    BuildAttributes$$THM_ISAv4$P$D$K$B$S$PE$A:L22UL41UL21$X:L11$S22US41US21$IEEE1$IW$USESV6$~STKCKD$USESV7$~SHL$OSPACE$ROPI$EBA8$UX$STANDARDLIB$REQ8$PRES8$EABIv2 0x00000000   Number         0  anon$$obj.o ABSOLUTE
    __ARM_use_no_argv                        0x00000000   Number         0  main.o ABSOLUTE
    __ARM_exceptions_init                     - Undefined Weak Reference
    __alloca_initialize                       - Undefined Weak Reference
    __arm_preinit_                            - Undefined Weak Reference
    __cpp_initialize__aeabi_                  - Undefined Weak Reference
    __cxa_finalize                            - Undefined Weak Reference
    __rt_locale                               - Undefined Weak Reference
    __sigvec_lookup                           - Undefined Weak Reference
    _atexit_init                              - Undefined Weak Reference
    _call_atexit_fns                          - Undefined Weak Reference
    _clock_init                               - Undefined Weak Reference
    _fp_trap_init                             - Undefined Weak Reference
    _fp_trap_shutdown                         - Undefined Weak Reference
    _get_lc_collate                           - Undefined Weak Reference
    _get_lc_ctype                             - Undefined Weak Reference
    _get_lc_monetary                          - Undefined Weak Reference
    _get_lc_numeric                           - Undefined Weak Reference
    _get_lc_time                              - Undefined Weak Reference
    _getenv_init                              - Undefined Weak Reference
    _handle_redirection                       - Undefined Weak Reference
    _init_alloc                               - Undefined Weak Reference
    _init_user_alloc                          - Undefined Weak Reference
    _initio                                   - Undefined Weak Reference
    _rand_init                                - Undefined Weak Reference
    _signal_finish                            - Undefined Weak Reference
    _signal_init                              - Undefined Weak Reference
    _terminate_alloc                          - Undefined Weak Reference
    _terminate_user_alloc                     - Undefined Weak Reference
    _terminateio                              - Undefined Weak Reference
    __Vectors_Size                           0x000000ec   Number         0  startup_stm32f10x_md.o ABSOLUTE
    __Vectors                                0x08000000   Data           4  startup_stm32f10x_md.o(RESET)
    __Vectors_End                            0x080000ec   Data           0  startup_stm32f10x_md.o(RESET)
    __main                                   0x080000ed   Thumb Code     8  __main.o(!!!main)
    __scatterload                            0x080000f5   Thumb Code     0  __scatter.o(!!!scatter)
    __scatterload_rt2                        0x080000f5   Thumb Code    44  __scatter.o(!!!scatter)
    __scatterload_rt2_thumb_only             0x080000f5   Thumb Code     0  __scatter.o(!!!scatter)
    __scatterload_null                       0x08000103   Thumb Code     0  __scatter.o(!!!scatter)
    __scatterload_copy                       0x08000129   Thumb Code    26  __scatter_copy.o(!!handler_copy)
    __scatterload_zeroinit                   0x08000145   Thumb Code    28  __scatter_zi.o(!!handler_zi)
    __rt_lib_init                            0x08000161   Thumb Code     0  libinit.o(.ARM.Collect$$libinit$$00000000)
    __rt_lib_init_alloca_1                   0x08000163   Thumb Code     0  libinit2.o(.ARM.Collect$$libinit$$0000002E)
    __rt_lib_init_argv_1                     0x08000163   Thumb Code     0  libinit2.o(.ARM.Collect$$libinit$$0000002C)
    __rt_lib_init_atexit_1                   0x08000163   Thumb Code     0  libinit2.o(.ARM.Collect$$libinit$$0000001B)
    __rt_lib_init_clock_1                    0x08000163   Thumb Code     0  libinit2.o(.ARM.Collect$$libinit$$00000021)
    __rt_lib_init_cpp_1                      0x08000163   Thumb Code     0  libinit2.o(.ARM.Collect$$libinit$$00000032)
    __rt_lib_init_exceptions_1               0x08000163   Thumb Code     0  libinit2.o(.ARM.Collect$$libinit$$00000030)
    __rt_lib_init_fp_1                       0x08000163   Thumb Code     0  libinit2.o(.ARM.Collect$$libinit$$00000002)
    __rt_lib_init_fp_trap_1                  0x08000163   Thumb Code     0  libinit2.o(.ARM.Collect$$libinit$$0000001F)
    __rt_lib_init_getenv_1                   0x08000163   Thumb Code     0  libinit2.o(.ARM.Collect$$libinit$$00000023)
    __rt_lib_init_heap_1                     0x08000163   Thumb Code     0  libinit2.o(.ARM.Collect$$libinit$$0000000A)
    __rt_lib_init_lc_collate_1               0x08000163   Thumb Code     0  libinit2.o(.ARM.Collect$$libinit$$00000011)
    __rt_lib_init_lc_ctype_1                 0x08000163   Thumb Code     0  libinit2.o(.ARM.Collect$$libinit$$00000013)
    __rt_lib_init_lc_monetary_1              0x08000163   Thumb Code     0  libinit2.o(.ARM.Collect$$libinit$$00000015)
    __rt_lib_init_lc_numeric_1               0x08000163   Thumb Code     0  libinit2.o(.ARM.Collect$$libinit$$00000017)
    __rt_lib_init_lc_time_1                  0x08000163   Thumb Code     0  libinit2.o(.ARM.Collect$$libinit$$00000019)
    __rt_lib_init_preinit_1                  0x08000163   Thumb Code     0  libinit2.o(.ARM.Collect$$libinit$$00000004)
    __rt_lib_init_rand_1                     0x08000163   Thumb Code     0  libinit2.o(.ARM.Collect$$libinit$$0000000E)
    __rt_lib_init_return                     0x08000163   Thumb Code     0  libinit2.o(.ARM.Collect$$libinit$$00000033)
    __rt_lib_init_signal_1                   0x08000163   Thumb Code     0  libinit2.o(.ARM.Collect$$libinit$$0000001D)
    __rt_lib_init_stdio_1                    0x08000163   Thumb Code     0  libinit2.o(.ARM.Collect$$libinit$$00000025)
    __rt_lib_init_user_alloc_1               0x08000163   Thumb Code     0  libinit2.o(.ARM.Collect$$libinit$$0000000C)
    __rt_lib_shutdown                        0x08000165   Thumb Code     0  libshutdown.o(.ARM.Collect$$libshutdown$$00000000)
    __rt_lib_shutdown_cpp_1                  0x08000167   Thumb Code     0  libshutdown2.o(.ARM.Collect$$libshutdown$$00000002)
    __rt_lib_shutdown_fp_trap_1              0x08000167   Thumb Code     0  libshutdown2.o(.ARM.Collect$$libshutdown$$00000007)
    __rt_lib_shutdown_heap_1                 0x08000167   Thumb Code     0  libshutdown2.o(.ARM.Collect$$libshutdown$$0000000F)
    __rt_lib_shutdown_return                 0x08000167   Thumb Code     0  libshutdown2.o(.ARM.Collect$$libshutdown$$00000010)
    __rt_lib_shutdown_signal_1               0x08000167   Thumb Code     0  libshutdown2.o(.ARM.Collect$$libshutdown$$0000000A)
    __rt_lib_shutdown_stdio_1                0x08000167   Thumb Code     0  libshutdown2.o(.ARM.Collect$$libshutdown$$00000004)
    __rt_lib_shutdown_user_alloc_1           0x08000167   Thumb Code     0  libshutdown2.o(.ARM.Collect$$libshutdown$$0000000C)
    __rt_entry                               0x08000169   Thumb Code     0  __rtentry.o(.ARM.Collect$$rtentry$$00000000)
    __rt_entry_presh_1                       0x08000169   Thumb Code     0  __rtentry2.o(.ARM.Collect$$rtentry$$00000002)
    __rt_entry_sh                            0x08000169   Thumb Code     0  __rtentry4.o(.ARM.Collect$$rtentry$$00000004)
    __rt_entry_li                            0x0800016f   Thumb Code     0  __rtentry2.o(.ARM.Collect$$rtentry$$0000000A)
    __rt_entry_postsh_1                      0x0800016f   Thumb Code     0  __rtentry2.o(.ARM.Collect$$rtentry$$00000009)
    __rt_entry_main                          0x08000173   Thumb Code     0  __rtentry2.o(.ARM.Collect$$rtentry$$0000000D)
    __rt_entry_postli_1                      0x08000173   Thumb Code     0  __rtentry2.o(.ARM.Collect$$rtentry$$0000000C)
    __rt_exit                                0x0800017b   Thumb Code     0  rtexit.o(.ARM.Collect$$rtexit$$00000000)
    __rt_exit_ls                             0x0800017d   Thumb Code     0  rtexit2.o(.ARM.Collect$$rtexit$$00000003)
    __rt_exit_prels_1                        0x0800017d   Thumb Code     0  rtexit2.o(.ARM.Collect$$rtexit$$00000002)
    __rt_exit_exit                           0x08000181   Thumb Code     0  rtexit2.o(.ARM.Collect$$rtexit$$00000004)
    Reset_Handler                            0x08000189   Thumb Code     8  startup_stm32f10x_md.o(.text)
    ADC1_2_IRQHandler                        0x080001a3   Thumb Code     0  startup_stm32f10x_md.o(.text)
    CAN1_RX1_IRQHandler                      0x080001a3   Thumb Code     0  startup_stm32f10x_md.o(.text)
    CAN1_SCE_IRQHandler                      0x080001a3   Thumb Code     0  startup_stm32f10x_md.o(.text)
    DMA1_Channel1_IRQHandler                 0x080001a3   Thumb Code     0  startup_stm32f10x_md.o(.text)
    DMA1_Channel2_IRQHandler                 0x080001a3   Thumb Code     0  startup_stm32f10x_md.o(.text)
    DMA1_Channel3_IRQHandler                 0x080001a3   Thumb Code     0  startup_stm32f10x_md.o(.text)
    DMA1_Channel4_IRQHandler                 0x080001a3   Thumb Code     0  startup_stm32f10x_md.o(.text)
    DMA1_Channel5_IRQHandler                 0x080001a3   Thumb Code     0  startup_stm32f10x_md.o(.text)
    DMA1_Channel6_IRQHandler                 0x080001a3   Thumb Code     0  startup_stm32f10x_md.o(.text)
    DMA1_Channel7_IRQHandler                 0x080001a3   Thumb Code     0  startup_stm32f10x_md.o(.text)
    EXTI0_IRQHandler                         0x080001a3   Thumb Code     0  startup_stm32f10x_md.o(.text)
    EXTI15_10_IRQHandler                     0x080001a3   Thumb Code     0  startup_stm32f10x_md.o(.text)
    EXTI1_IRQHandler                         0x080001a3   Thumb Code     0  startup_stm32f10x_md.o(.text)
    EXTI2_IRQHandler                         0x080001a3   Thumb Code     0  startup_stm32f10x_md.o(.text)
    EXTI3_IRQHandler                         0x080001a3   Thumb Code     0  startup_stm32f10x_md.o(.text)
    EXTI4_IRQHandler                         0x080001a3   Thumb Code     0  startup_stm32f10x_md.o(.text)
    EXTI9_5_IRQHandler                       0x080001a3   Thumb Code     0  startup_stm32f10x_md.o(.text)
    FLASH_IRQHandler                         0x080001a3   Thumb Code     0  startup_stm32f10x_md.o(.text)
    I2C1_ER_IRQHandler                       0x080001a3   Thumb Code     0  startup_stm32f10x_md.o(.text)
    I2C1_EV_IRQHandler                       0x080001a3   Thumb Code     0  startup_stm32f10x_md.o(.text)
    I2C2_ER_IRQHandler                       0x080001a3   Thumb Code     0  startup_stm32f10x_md.o(.text)
    I2C2_EV_IRQHandler                       0x080001a3   Thumb Code     0  startup_stm32f10x_md.o(.text)
    PVD_IRQHandler                           0x080001a3   Thumb Code     0  startup_stm32f10x_md.o(.text)
    RCC_IRQHandler                           0x080001a3   Thumb Code     0  startup_stm32f10x_md.o(.text)
    RTCAlarm_IRQHandler                      0x080001a3   Thumb Code     0  startup_stm32f10x_md.o(.text)
    RTC_IRQHandler                           0x080001a3   Thumb Code     0  startup_stm32f10x_md.o(.text)
    SPI1_IRQHandler                          0x080001a3   Thumb Code     0  startup_stm32f10x_md.o(.text)
    SPI2_IRQHandler                          0x080001a3   Thumb Code     0  startup_stm32f10x_md.o(.text)
    TAMPER_IRQHandler                        0x080001a3   Thumb Code     0  startup_stm32f10x_md.o(.text)
    TIM1_BRK_IRQHandler                      0x080001a3   Thumb Code     0  startup_stm32f10x_md.o(.text)
    TIM1_CC_IRQHandler                       0x080001a3   Thumb Code     0  startup_stm32f10x_md.o(.text)
    TIM1_TRG_COM_IRQHandler                  0x080001a3   Thumb Code     0  startup_stm32f10x_md.o(.text)
    TIM1_UP_IRQHandler                       0x080001a3   Thumb Code     0  startup_stm32f10x_md.o(.text)
    TIM2_IRQHandler                          0x080001a3   Thumb Code     0  startup_stm32f10x_md.o(.text)
    TIM4_IRQHandler                          0x080001a3   Thumb Code     0  startup_stm32f10x_md.o(.text)
    USART1_IRQHandler                        0x080001a3   Thumb Code     0  startup_stm32f10x_md.o(.text)
    USART2_IRQHandler                        0x080001a3   Thumb Code     0  startup_stm32f10x_md.o(.text)
    USBWakeUp_IRQHandler                     0x080001a3   Thumb Code     0  startup_stm32f10x_md.o(.text)
    USB_HP_CAN1_TX_IRQHandler                0x080001a3   Thumb Code     0  startup_stm32f10x_md.o(.text)
    USB_LP_CAN1_RX0_IRQHandler               0x080001a3   Thumb Code     0  startup_stm32f10x_md.o(.text)
    WWDG_IRQHandler                          0x080001a3   Thumb Code     0  startup_stm32f10x_md.o(.text)
    __user_initial_stackheap                 0x080001a5   Thumb Code     0  startup_stm32f10x_md.o(.text)
    __aeabi_memcpy4                          0x080001c9   Thumb Code     0  rt_memcpy_w.o(.text)
    __aeabi_memcpy8                          0x080001c9   Thumb Code     0  rt_memcpy_w.o(.text)
    __rt_memcpy_w                            0x080001c9   Thumb Code   100  rt_memcpy_w.o(.text)
    _memcpy_lastbytes_aligned                0x08000211   Thumb Code     0  rt_memcpy_w.o(.text)
    __use_two_region_memory                  0x0800022d   Thumb Code     2  heapauxi.o(.text)
    __rt_heap_escrow$2region                 0x0800022f   Thumb Code     2  heapauxi.o(.text)
    __rt_heap_expand$2region                 0x08000231   Thumb Code     2  heapauxi.o(.text)
    __user_setup_stackheap                   0x08000233   Thumb Code    74  sys_stackheap_outer.o(.text)
    exit                                     0x0800027d   Thumb Code    18  exit.o(.text)
    __user_libspace                          0x08000291   Thumb Code     8  libspace.o(.text)
    __user_perproc_libspace                  0x08000291   Thumb Code     0  libspace.o(.text)
    __user_perthread_libspace                0x08000291   Thumb Code     0  libspace.o(.text)
    _sys_exit                                0x08000299   Thumb Code     8  sys_exit.o(.text)
    __I$use$semihosting                      0x080002a5   Thumb Code     0  use_no_semi.o(.text)
    __use_no_semihosting_swi                 0x080002a5   Thumb Code     2  use_no_semi.o(.text)
    BusFault_Handler                         0x080002a7   Thumb Code     4  stm32f10x_it.o(i.BusFault_Handler)
    __semihosting_library_function           0x080002a7   Thumb Code     0  indicate_semi.o(.text)
    Buzzer_Init                              0x080002ad   Thumb Code    46  buzzer.o(i.Buzzer_Init)
    Buzzer_OFF                               0x080002e1   Thumb Code    12  buzzer.o(i.Buzzer_OFF)
    Buzzer_ON                                0x080002f1   Thumb Code    12  buzzer.o(i.Buzzer_ON)
    DebugMon_Handler                         0x08000301   Thumb Code     2  stm32f10x_it.o(i.DebugMon_Handler)
    Delay_ms                                 0x08000303   Thumb Code    24  delay.o(i.Delay_ms)
    Delay_us                                 0x0800031b   Thumb Code    46  delay.o(i.Delay_us)
    Encoder_Init                             0x08000349   Thumb Code   234  encoder.o(i.Encoder_Init)
    Encoder_Reset                            0x08000445   Thumb Code    20  encoder.o(i.Encoder_Reset)
    GPIO_Init                                0x08000461   Thumb Code   278  stm32f10x_gpio.o(i.GPIO_Init)
    GPIO_ReadInputDataBit                    0x08000577   Thumb Code    18  stm32f10x_gpio.o(i.GPIO_ReadInputDataBit)
    GPIO_ResetBits                           0x08000589   Thumb Code     4  stm32f10x_gpio.o(i.GPIO_ResetBits)
    GPIO_SetBits                             0x0800058d   Thumb Code     4  stm32f10x_gpio.o(i.GPIO_SetBits)
    GPIO_WriteBit                            0x08000591   Thumb Code    10  stm32f10x_gpio.o(i.GPIO_WriteBit)
    HardFault_Handler                        0x0800059b   Thumb Code     4  stm32f10x_it.o(i.HardFault_Handler)
    JY62_GetYaw                              0x080005a1   Thumb Code     6  jy62.o(i.JY62_GetYaw)
    JY62_Init                                0x080005ad   Thumb Code   158  jy62.o(i.JY62_Init)
    JY62_RotateToAngle                       0x08000655   Thumb Code   614  jy62.o(i.JY62_RotateToAngle)
    JY62_UpdateData                          0x080008d9   Thumb Code    14  jy62.o(i.JY62_UpdateData)
    Key_GetNum                               0x080008ed   Thumb Code   134  key.o(i.Key_GetNum)
    Key_Init                                 0x0800097d   Thumb Code    56  key.o(i.Key_Init)
    LED_Init                                 0x080009bd   Thumb Code    48  led.o(i.LED_Init)
    LED_OFF                                  0x080009f1   Thumb Code    14  led.o(i.LED_OFF)
    LED_ON                                   0x08000a05   Thumb Code    14  led.o(i.LED_ON)
    MemManage_Handler                        0x08000a19   Thumb Code     4  stm32f10x_it.o(i.MemManage_Handler)
    Motor_Init                               0x08000a1d   Thumb Code    42  motor.o(i.Motor_Init)
    Motor_SetLeftSpeed                       0x08000a4d   Thumb Code    82  motor.o(i.Motor_SetLeftSpeed)
    Motor_SetRightSpeed                      0x08000aa5   Thumb Code    82  motor.o(i.Motor_SetRightSpeed)
    Motor_SetSpeed                           0x08000afd   Thumb Code   164  motor.o(i.Motor_SetSpeed)
    NMI_Handler                              0x08000ba5   Thumb Code     2  stm32f10x_it.o(i.NMI_Handler)
    NVIC_Init                                0x08000ba9   Thumb Code   100  misc.o(i.NVIC_Init)
    NVIC_PriorityGroupConfig                 0x08000c19   Thumb Code    10  misc.o(i.NVIC_PriorityGroupConfig)
    OLED_Clear                               0x08000c2d   Thumb Code    42  oled.o(i.OLED_Clear)
    OLED_I2C_Init                            0x08000c59   Thumb Code    76  oled.o(i.OLED_I2C_Init)
    OLED_I2C_SendByte                        0x08000ca9   Thumb Code    88  oled.o(i.OLED_I2C_SendByte)
    OLED_I2C_Start                           0x08000d05   Thumb Code    48  oled.o(i.OLED_I2C_Start)
    OLED_I2C_Stop                            0x08000d39   Thumb Code    36  oled.o(i.OLED_I2C_Stop)
    OLED_Init                                0x08000d61   Thumb Code   174  oled.o(i.OLED_Init)
    OLED_Pow                                 0x08000e0f   Thumb Code    20  oled.o(i.OLED_Pow)
    OLED_SetCursor                           0x08000e23   Thumb Code    34  oled.o(i.OLED_SetCursor)
    OLED_ShowChar                            0x08000e45   Thumb Code   110  oled.o(i.OLED_ShowChar)
    OLED_ShowFloat                           0x08000eb9   Thumb Code   396  oled.o(i.OLED_ShowFloat)
    OLED_ShowSignedNum                       0x08001045   Thumb Code   102  oled.o(i.OLED_ShowSignedNum)
    OLED_ShowString                          0x080010ab   Thumb Code    40  oled.o(i.OLED_ShowString)
    OLED_WriteCommand                        0x080010d3   Thumb Code    32  oled.o(i.OLED_WriteCommand)
    OLED_WriteData                           0x080010f3   Thumb Code    32  oled.o(i.OLED_WriteData)
    PWM_Init                                 0x08001115   Thumb Code   154  pwm.o(i.PWM_Init)
    PWM_SetCompare1                          0x080011b5   Thumb Code    16  pwm.o(i.PWM_SetCompare1)
    PWM_SetCompare2                          0x080011c5   Thumb Code    16  pwm.o(i.PWM_SetCompare2)
    PendSV_Handler                           0x080011d5   Thumb Code     2  stm32f10x_it.o(i.PendSV_Handler)
    RCC_APB1PeriphClockCmd                   0x080011d9   Thumb Code    26  stm32f10x_rcc.o(i.RCC_APB1PeriphClockCmd)
    RCC_APB2PeriphClockCmd                   0x080011f9   Thumb Code    26  stm32f10x_rcc.o(i.RCC_APB2PeriphClockCmd)
    RCC_GetClocksFreq                        0x08001219   Thumb Code   192  stm32f10x_rcc.o(i.RCC_GetClocksFreq)
    SVC_Handler                              0x080012ed   Thumb Code     2  stm32f10x_it.o(i.SVC_Handler)
    SysTick_Handler                          0x080013d9   Thumb Code     2  stm32f10x_it.o(i.SysTick_Handler)
    SystemInit                               0x080013dd   Thumb Code    78  system_stm32f10x.o(i.SystemInit)
    TIM3_IRQHandler                          0x0800167d   Thumb Code   796  main.o(i.TIM3_IRQHandler)
    TIM_ClearFlag                            0x08001a05   Thumb Code     6  stm32f10x_tim.o(i.TIM_ClearFlag)
    TIM_ClearITPendingBit                    0x08001a0b   Thumb Code     6  stm32f10x_tim.o(i.TIM_ClearITPendingBit)
    TIM_Cmd                                  0x08001a11   Thumb Code    24  stm32f10x_tim.o(i.TIM_Cmd)
    TIM_EncoderInterfaceConfig               0x08001a29   Thumb Code    66  stm32f10x_tim.o(i.TIM_EncoderInterfaceConfig)
    TIM_GetITStatus                          0x08001a6b   Thumb Code    34  stm32f10x_tim.o(i.TIM_GetITStatus)
    TIM_ICInit                               0x08001a8d   Thumb Code   150  stm32f10x_tim.o(i.TIM_ICInit)
    TIM_ICStructInit                         0x08001b39   Thumb Code    18  stm32f10x_tim.o(i.TIM_ICStructInit)
    TIM_ITConfig                             0x08001b4b   Thumb Code    18  stm32f10x_tim.o(i.TIM_ITConfig)
    TIM_InternalClockConfig                  0x08001b5d   Thumb Code    12  stm32f10x_tim.o(i.TIM_InternalClockConfig)
    TIM_OC1Init                              0x08001b69   Thumb Code   132  stm32f10x_tim.o(i.TIM_OC1Init)
    TIM_OC2Init                              0x08001c01   Thumb Code   154  stm32f10x_tim.o(i.TIM_OC2Init)
    TIM_OCStructInit                         0x08001ca5   Thumb Code    20  stm32f10x_tim.o(i.TIM_OCStructInit)
    TIM_SetCompare1                          0x08001cb9   Thumb Code     4  stm32f10x_tim.o(i.TIM_SetCompare1)
    TIM_SetCompare2                          0x08001cbd   Thumb Code     4  stm32f10x_tim.o(i.TIM_SetCompare2)
    TIM_SetCounter                           0x08001cc1   Thumb Code     4  stm32f10x_tim.o(i.TIM_SetCounter)
    TIM_SetIC1Prescaler                      0x08001cc5   Thumb Code    18  stm32f10x_tim.o(i.TIM_SetIC1Prescaler)
    TIM_SetIC2Prescaler                      0x08001cd7   Thumb Code    26  stm32f10x_tim.o(i.TIM_SetIC2Prescaler)
    TIM_SetIC3Prescaler                      0x08001cf1   Thumb Code    18  stm32f10x_tim.o(i.TIM_SetIC3Prescaler)
    TIM_SetIC4Prescaler                      0x08001d03   Thumb Code    26  stm32f10x_tim.o(i.TIM_SetIC4Prescaler)
    TIM_TimeBaseInit                         0x08001d1d   Thumb Code   122  stm32f10x_tim.o(i.TIM_TimeBaseInit)
    Timer_Init                               0x08001dc1   Thumb Code   120  timer.o(i.Timer_Init)
    Track_GetError                           0x08001e3d   Thumb Code    88  track.o(i.Track_GetError)
    Track_Init                               0x08001e9d   Thumb Code    86  track.o(i.Track_Init)
    Track_ReadAll                            0x08001ef9   Thumb Code    32  track.o(i.Track_ReadAll)
    Track_ReadChannel                        0x08001f19   Thumb Code    46  track.o(i.Track_ReadChannel)
    USART3_IRQHandler                        0x08001fa5   Thumb Code   306  jy62.o(i.USART3_IRQHandler)
    USART_ClearITPendingBit                  0x080020f1   Thumb Code    30  stm32f10x_usart.o(i.USART_ClearITPendingBit)
    USART_Cmd                                0x0800210f   Thumb Code    24  stm32f10x_usart.o(i.USART_Cmd)
    USART_GetITStatus                        0x08002127   Thumb Code    84  stm32f10x_usart.o(i.USART_GetITStatus)
    USART_ITConfig                           0x0800217b   Thumb Code    74  stm32f10x_usart.o(i.USART_ITConfig)
    USART_Init                               0x080021c5   Thumb Code   210  stm32f10x_usart.o(i.USART_Init)
    USART_ReceiveData                        0x0800229d   Thumb Code    10  stm32f10x_usart.o(i.USART_ReceiveData)
    UsageFault_Handler                       0x080022a7   Thumb Code     4  stm32f10x_it.o(i.UsageFault_Handler)
    main                                     0x080022ad   Thumb Code   418  main.o(i.main)
    __aeabi_d2f                              0x080024dd   Thumb Code     0  d2f.o(x$fpl$d2f)
    _d2f                                     0x080024dd   Thumb Code    98  d2f.o(x$fpl$d2f)
    __aeabi_dadd                             0x08002541   Thumb Code     0  daddsub_clz.o(x$fpl$dadd)
    _dadd                                    0x08002541   Thumb Code   332  daddsub_clz.o(x$fpl$dadd)
    __fpl_dcmp_Inf                           0x08002691   Thumb Code    24  dcmpi.o(x$fpl$dcmpinf)
    __aeabi_ddiv                             0x080026a9   Thumb Code     0  ddiv.o(x$fpl$ddiv)
    _ddiv                                    0x080026a9   Thumb Code   552  ddiv.o(x$fpl$ddiv)
    __aeabi_i2d                              0x08002959   Thumb Code     0  dflt_clz.o(x$fpl$dflt)
    _dflt                                    0x08002959   Thumb Code    46  dflt_clz.o(x$fpl$dflt)
    __aeabi_cdcmple                          0x08002989   Thumb Code     0  dleqf.o(x$fpl$dleqf)
    _dcmple                                  0x08002989   Thumb Code   120  dleqf.o(x$fpl$dleqf)
    __fpl_dcmple_InfNaN                      0x080029eb   Thumb Code     0  dleqf.o(x$fpl$dleqf)
    __fpl_dnaninf                            0x08002a01   Thumb Code   156  dnaninf.o(x$fpl$dnaninf)
    __fpl_dretinf                            0x08002a9d   Thumb Code    12  dretinf.o(x$fpl$dretinf)
    __aeabi_dsub                             0x08002aa9   Thumb Code     0  daddsub_clz.o(x$fpl$dsub)
    _dsub                                    0x08002aa9   Thumb Code   464  daddsub_clz.o(x$fpl$dsub)
    __aeabi_f2d                              0x08002c7d   Thumb Code     0  f2d.o(x$fpl$f2d)
    _f2d                                     0x08002c7d   Thumb Code    86  f2d.o(x$fpl$f2d)
    __aeabi_fadd                             0x08002cd5   Thumb Code     0  faddsub_clz.o(x$fpl$fadd)
    _fadd                                    0x08002cd5   Thumb Code   196  faddsub_clz.o(x$fpl$fadd)
    __fpl_fcmp_Inf                           0x08002d99   Thumb Code    24  fcmpi.o(x$fpl$fcmpinf)
    __aeabi_fdiv                             0x08002db1   Thumb Code     0  fdiv.o(x$fpl$fdiv)
    _fdiv                                    0x08002db1   Thumb Code   384  fdiv.o(x$fpl$fdiv)
    __aeabi_f2iz                             0x08002f35   Thumb Code     0  ffix.o(x$fpl$ffix)
    _ffix                                    0x08002f35   Thumb Code    54  ffix.o(x$fpl$ffix)
    __aeabi_f2uiz                            0x08002f6d   Thumb Code     0  ffixu.o(x$fpl$ffixu)
    _ffixu                                   0x08002f6d   Thumb Code    62  ffixu.o(x$fpl$ffixu)
    __aeabi_i2f                              0x08002fad   Thumb Code     0  fflt_clz.o(x$fpl$fflt)
    _fflt                                    0x08002fad   Thumb Code    48  fflt_clz.o(x$fpl$fflt)
    __aeabi_ui2f                             0x08002fdd   Thumb Code     0  fflt_clz.o(x$fpl$ffltu)
    _ffltu                                   0x08002fdd   Thumb Code    38  fflt_clz.o(x$fpl$ffltu)
    __aeabi_cfcmple                          0x08003005   Thumb Code     0  fleqf.o(x$fpl$fleqf)
    _fcmple                                  0x08003005   Thumb Code   104  fleqf.o(x$fpl$fleqf)
    __fpl_fcmple_InfNaN                      0x08003057   Thumb Code     0  fleqf.o(x$fpl$fleqf)
    __aeabi_fmul                             0x0800306d   Thumb Code     0  fmul.o(x$fpl$fmul)
    _fmul                                    0x0800306d   Thumb Code   258  fmul.o(x$fpl$fmul)
    __fpl_fnaninf                            0x0800316f   Thumb Code   140  fnaninf.o(x$fpl$fnaninf)
    __fpl_fretinf                            0x080031fb   Thumb Code    10  fretinf.o(x$fpl$fretinf)
    __aeabi_cfrcmple                         0x08003205   Thumb Code     0  frleqf.o(x$fpl$frleqf)
    _frcmple                                 0x08003205   Thumb Code    98  frleqf.o(x$fpl$frleqf)
    __aeabi_frsub                            0x08003267   Thumb Code     0  faddsub_clz.o(x$fpl$frsb)
    _frsb                                    0x08003267   Thumb Code    20  faddsub_clz.o(x$fpl$frsb)
    __aeabi_fsub                             0x0800327d   Thumb Code     0  faddsub_clz.o(x$fpl$fsub)
    _fsub                                    0x0800327d   Thumb Code   234  faddsub_clz.o(x$fpl$fsub)
    OLED_F8x16                               0x08003366   Data        1520  oled.o(.constdata)
    __I$use$fp                               0x08003366   Number         0  usenofp.o(x$fpl$usenofp)
    Region$$Table$$Base                      0x08003978   Number         0  anon$$obj.o(Region$$Table)
    Region$$Table$$Limit                     0x08003998   Number         0  anon$$obj.o(Region$$Table)
    jy62RxIndex                              0x20000014   Data           1  jy62.o(.data)
    jy62DataReady                            0x20000015   Data           1  jy62.o(.data)
    currentState                             0x20000018   Data           1  main.o(.data)
    pointCounter                             0x20000019   Data           1  main.o(.data)
    WhiteDetectCount                         0x2000001a   Data           2  main.o(.data)
    Mode                                     0x2000001c   Data           1  main.o(.data)
    LapCount                                 0x2000001d   Data           1  main.o(.data)
    initialYawRecorded                       0x2000001e   Data           1  main.o(.data)
    initialYaw                               0x20000020   Data           4  main.o(.data)
    Flag_LED_ON                              0x20000024   Data           1  main.o(.data)
    Flag_LED_OFF                             0x20000025   Data           1  main.o(.data)
    Flag_Buzzer_ON                           0x20000026   Data           1  main.o(.data)
    Flag_Buzzer_OFF                          0x20000027   Data           1  main.o(.data)
    Flag_zhi                                 0x20000028   Data           1  main.o(.data)
    Flag_xun                                 0x20000029   Data           1  main.o(.data)
    Flag_rotate                              0x2000002a   Data           1  main.o(.data)
    Target1                                  0x2000002c   Data           4  main.o(.data)
    Target2                                  0x20000030   Data           4  main.o(.data)
    Actual1                                  0x20000034   Data           4  main.o(.data)
    Actual2                                  0x20000038   Data           4  main.o(.data)
    Out1                                     0x2000003c   Data           4  main.o(.data)
    Out2                                     0x20000040   Data           4  main.o(.data)
    Kp_su                                    0x20000044   Data           4  main.o(.data)
    Ki_su                                    0x20000048   Data           4  main.o(.data)
    Kd_su                                    0x2000004c   Data           4  main.o(.data)
    ErrorNow1                                0x20000050   Data           4  main.o(.data)
    ErrorNow2                                0x20000054   Data           4  main.o(.data)
    ErrorLast1                               0x20000058   Data           4  main.o(.data)
    ErrorLast2                               0x2000005c   Data           4  main.o(.data)
    ErrorSum1                                0x20000060   Data           4  main.o(.data)
    ErrorSum2                                0x20000064   Data           4  main.o(.data)
    Out_xun                                  0x20000068   Data           4  main.o(.data)
    Kp_xun                                   0x2000006c   Data           4  main.o(.data)
    Ki_xun                                   0x20000070   Data           4  main.o(.data)
    Kd_xun                                   0x20000074   Data           4  main.o(.data)
    ErrorNow_xun                             0x20000078   Data           4  main.o(.data)
    ErrorLast_xun                            0x2000007c   Data           4  main.o(.data)
    ErrorSum_xun                             0x20000080   Data           4  main.o(.data)
    jy62Data                                 0x2000008c   Data          36  jy62.o(.bss)
    jy62RxBuffer                             0x200000b0   Data          11  jy62.o(.bss)
    __libspace_start                         0x200000bc   Data          96  libspace.o(.bss)
    __temporary_stack_top$libspace           0x2000011c   Data           0  libspace.o(.bss)



==============================================================================

Memory Map of the image

  Image Entry point : 0x080000ed

  Load Region LR_IROM1 (Base: 0x08000000, Size: 0x00003a24, Max: 0x00010000, ABSOLUTE)

    Execution Region ER_IROM1 (Exec base: 0x08000000, Load base: 0x08000000, Size: 0x00003998, Max: 0x00010000, ABSOLUTE)

    Exec Addr    Load Addr    Size         Type   Attr      Idx    E Section Name        Object

    0x08000000   0x08000000   0x000000ec   Data   RO           19    RESET               startup_stm32f10x_md.o
    0x080000ec   0x080000ec   0x00000008   Code   RO         3735  * !!!main             c_w.l(__main.o)
    0x080000f4   0x080000f4   0x00000034   Code   RO         3963    !!!scatter          c_w.l(__scatter.o)
    0x08000128   0x08000128   0x0000001a   Code   RO         3965    !!handler_copy      c_w.l(__scatter_copy.o)
    0x08000142   0x08000142   0x00000002   PAD
    0x08000144   0x08000144   0x0000001c   Code   RO         3967    !!handler_zi        c_w.l(__scatter_zi.o)
    0x08000160   0x08000160   0x00000002   Code   RO         3833    .ARM.Collect$$libinit$$00000000  c_w.l(libinit.o)
    0x08000162   0x08000162   0x00000000   Code   RO         3840    .ARM.Collect$$libinit$$00000002  c_w.l(libinit2.o)
    0x08000162   0x08000162   0x00000000   Code   RO         3842    .ARM.Collect$$libinit$$00000004  c_w.l(libinit2.o)
    0x08000162   0x08000162   0x00000000   Code   RO         3845    .ARM.Collect$$libinit$$0000000A  c_w.l(libinit2.o)
    0x08000162   0x08000162   0x00000000   Code   RO         3847    .ARM.Collect$$libinit$$0000000C  c_w.l(libinit2.o)
    0x08000162   0x08000162   0x00000000   Code   RO         3849    .ARM.Collect$$libinit$$0000000E  c_w.l(libinit2.o)
    0x08000162   0x08000162   0x00000000   Code   RO         3852    .ARM.Collect$$libinit$$00000011  c_w.l(libinit2.o)
    0x08000162   0x08000162   0x00000000   Code   RO         3854    .ARM.Collect$$libinit$$00000013  c_w.l(libinit2.o)
    0x08000162   0x08000162   0x00000000   Code   RO         3856    .ARM.Collect$$libinit$$00000015  c_w.l(libinit2.o)
    0x08000162   0x08000162   0x00000000   Code   RO         3858    .ARM.Collect$$libinit$$00000017  c_w.l(libinit2.o)
    0x08000162   0x08000162   0x00000000   Code   RO         3860    .ARM.Collect$$libinit$$00000019  c_w.l(libinit2.o)
    0x08000162   0x08000162   0x00000000   Code   RO         3862    .ARM.Collect$$libinit$$0000001B  c_w.l(libinit2.o)
    0x08000162   0x08000162   0x00000000   Code   RO         3864    .ARM.Collect$$libinit$$0000001D  c_w.l(libinit2.o)
    0x08000162   0x08000162   0x00000000   Code   RO         3866    .ARM.Collect$$libinit$$0000001F  c_w.l(libinit2.o)
    0x08000162   0x08000162   0x00000000   Code   RO         3868    .ARM.Collect$$libinit$$00000021  c_w.l(libinit2.o)
    0x08000162   0x08000162   0x00000000   Code   RO         3870    .ARM.Collect$$libinit$$00000023  c_w.l(libinit2.o)
    0x08000162   0x08000162   0x00000000   Code   RO         3872    .ARM.Collect$$libinit$$00000025  c_w.l(libinit2.o)
    0x08000162   0x08000162   0x00000000   Code   RO         3876    .ARM.Collect$$libinit$$0000002C  c_w.l(libinit2.o)
    0x08000162   0x08000162   0x00000000   Code   RO         3878    .ARM.Collect$$libinit$$0000002E  c_w.l(libinit2.o)
    0x08000162   0x08000162   0x00000000   Code   RO         3880    .ARM.Collect$$libinit$$00000030  c_w.l(libinit2.o)
    0x08000162   0x08000162   0x00000000   Code   RO         3882    .ARM.Collect$$libinit$$00000032  c_w.l(libinit2.o)
    0x08000162   0x08000162   0x00000002   Code   RO         3883    .ARM.Collect$$libinit$$00000033  c_w.l(libinit2.o)
    0x08000164   0x08000164   0x00000002   Code   RO         3903    .ARM.Collect$$libshutdown$$00000000  c_w.l(libshutdown.o)
    0x08000166   0x08000166   0x00000000   Code   RO         3916    .ARM.Collect$$libshutdown$$00000002  c_w.l(libshutdown2.o)
    0x08000166   0x08000166   0x00000000   Code   RO         3918    .ARM.Collect$$libshutdown$$00000004  c_w.l(libshutdown2.o)
    0x08000166   0x08000166   0x00000000   Code   RO         3921    .ARM.Collect$$libshutdown$$00000007  c_w.l(libshutdown2.o)
    0x08000166   0x08000166   0x00000000   Code   RO         3924    .ARM.Collect$$libshutdown$$0000000A  c_w.l(libshutdown2.o)
    0x08000166   0x08000166   0x00000000   Code   RO         3926    .ARM.Collect$$libshutdown$$0000000C  c_w.l(libshutdown2.o)
    0x08000166   0x08000166   0x00000000   Code   RO         3929    .ARM.Collect$$libshutdown$$0000000F  c_w.l(libshutdown2.o)
    0x08000166   0x08000166   0x00000002   Code   RO         3930    .ARM.Collect$$libshutdown$$00000010  c_w.l(libshutdown2.o)
    0x08000168   0x08000168   0x00000000   Code   RO         3795    .ARM.Collect$$rtentry$$00000000  c_w.l(__rtentry.o)
    0x08000168   0x08000168   0x00000000   Code   RO         3810    .ARM.Collect$$rtentry$$00000002  c_w.l(__rtentry2.o)
    0x08000168   0x08000168   0x00000006   Code   RO         3822    .ARM.Collect$$rtentry$$00000004  c_w.l(__rtentry4.o)
    0x0800016e   0x0800016e   0x00000000   Code   RO         3812    .ARM.Collect$$rtentry$$00000009  c_w.l(__rtentry2.o)
    0x0800016e   0x0800016e   0x00000004   Code   RO         3813    .ARM.Collect$$rtentry$$0000000A  c_w.l(__rtentry2.o)
    0x08000172   0x08000172   0x00000000   Code   RO         3815    .ARM.Collect$$rtentry$$0000000C  c_w.l(__rtentry2.o)
    0x08000172   0x08000172   0x00000008   Code   RO         3816    .ARM.Collect$$rtentry$$0000000D  c_w.l(__rtentry2.o)
    0x0800017a   0x0800017a   0x00000002   Code   RO         3837    .ARM.Collect$$rtexit$$00000000  c_w.l(rtexit.o)
    0x0800017c   0x0800017c   0x00000000   Code   RO         3885    .ARM.Collect$$rtexit$$00000002  c_w.l(rtexit2.o)
    0x0800017c   0x0800017c   0x00000004   Code   RO         3886    .ARM.Collect$$rtexit$$00000003  c_w.l(rtexit2.o)
    0x08000180   0x08000180   0x00000006   Code   RO         3887    .ARM.Collect$$rtexit$$00000004  c_w.l(rtexit2.o)
    0x08000186   0x08000186   0x00000002   PAD
    0x08000188   0x08000188   0x00000040   Code   RO           20    .text               startup_stm32f10x_md.o
    0x080001c8   0x080001c8   0x00000064   Code   RO         3731    .text               c_w.l(rt_memcpy_w.o)
    0x0800022c   0x0800022c   0x00000006   Code   RO         3733    .text               c_w.l(heapauxi.o)
    0x08000232   0x08000232   0x0000004a   Code   RO         3824    .text               c_w.l(sys_stackheap_outer.o)
    0x0800027c   0x0800027c   0x00000012   Code   RO         3826    .text               c_w.l(exit.o)
    0x0800028e   0x0800028e   0x00000002   PAD
    0x08000290   0x08000290   0x00000008   Code   RO         3834    .text               c_w.l(libspace.o)
    0x08000298   0x08000298   0x0000000c   Code   RO         3895    .text               c_w.l(sys_exit.o)
    0x080002a4   0x080002a4   0x00000002   Code   RO         3906    .text               c_w.l(use_no_semi.o)
    0x080002a6   0x080002a6   0x00000000   Code   RO         3908    .text               c_w.l(indicate_semi.o)
    0x080002a6   0x080002a6   0x00000004   Code   RO         3666    i.BusFault_Handler  stm32f10x_it.o
    0x080002aa   0x080002aa   0x00000002   PAD
    0x080002ac   0x080002ac   0x00000034   Code   RO         3265    i.Buzzer_Init       buzzer.o
    0x080002e0   0x080002e0   0x00000010   Code   RO         3266    i.Buzzer_OFF        buzzer.o
    0x080002f0   0x080002f0   0x00000010   Code   RO         3267    i.Buzzer_ON         buzzer.o
    0x08000300   0x08000300   0x00000002   Code   RO         3667    i.DebugMon_Handler  stm32f10x_it.o
    0x08000302   0x08000302   0x00000018   Code   RO         3196    i.Delay_ms          delay.o
    0x0800031a   0x0800031a   0x0000002e   Code   RO         3198    i.Delay_us          delay.o
    0x08000348   0x08000348   0x000000fc   Code   RO         3525    i.Encoder_Init      encoder.o
    0x08000444   0x08000444   0x0000001c   Code   RO         3526    i.Encoder_Reset     encoder.o
    0x08000460   0x08000460   0x00000116   Code   RO         1347    i.GPIO_Init         stm32f10x_gpio.o
    0x08000576   0x08000576   0x00000012   Code   RO         1351    i.GPIO_ReadInputDataBit  stm32f10x_gpio.o
    0x08000588   0x08000588   0x00000004   Code   RO         1354    i.GPIO_ResetBits    stm32f10x_gpio.o
    0x0800058c   0x0800058c   0x00000004   Code   RO         1355    i.GPIO_SetBits      stm32f10x_gpio.o
    0x08000590   0x08000590   0x0000000a   Code   RO         1358    i.GPIO_WriteBit     stm32f10x_gpio.o
    0x0800059a   0x0800059a   0x00000004   Code   RO         3668    i.HardFault_Handler  stm32f10x_it.o
    0x0800059e   0x0800059e   0x00000002   PAD
    0x080005a0   0x080005a0   0x0000000c   Code   RO         3565    i.JY62_GetYaw       jy62.o
    0x080005ac   0x080005ac   0x000000a8   Code   RO         3566    i.JY62_Init         jy62.o
    0x08000654   0x08000654   0x00000284   Code   RO         3567    i.JY62_RotateToAngle  jy62.o
    0x080008d8   0x080008d8   0x00000014   Code   RO         3568    i.JY62_UpdateData   jy62.o
    0x080008ec   0x080008ec   0x00000090   Code   RO         3244    i.Key_GetNum        key.o
    0x0800097c   0x0800097c   0x00000040   Code   RO         3245    i.Key_Init          key.o
    0x080009bc   0x080009bc   0x00000034   Code   RO         3220    i.LED_Init          led.o
    0x080009f0   0x080009f0   0x00000014   Code   RO         3221    i.LED_OFF           led.o
    0x08000a04   0x08000a04   0x00000014   Code   RO         3222    i.LED_ON            led.o
    0x08000a18   0x08000a18   0x00000004   Code   RO         3669    i.MemManage_Handler  stm32f10x_it.o
    0x08000a1c   0x08000a1c   0x00000030   Code   RO         3451    i.Motor_Init        motor.o
    0x08000a4c   0x08000a4c   0x00000058   Code   RO         3452    i.Motor_SetLeftSpeed  motor.o
    0x08000aa4   0x08000aa4   0x00000058   Code   RO         3453    i.Motor_SetRightSpeed  motor.o
    0x08000afc   0x08000afc   0x000000a8   Code   RO         3454    i.Motor_SetSpeed    motor.o
    0x08000ba4   0x08000ba4   0x00000002   Code   RO         3670    i.NMI_Handler       stm32f10x_it.o
    0x08000ba6   0x08000ba6   0x00000002   PAD
    0x08000ba8   0x08000ba8   0x00000070   Code   RO          137    i.NVIC_Init         misc.o
    0x08000c18   0x08000c18   0x00000014   Code   RO          138    i.NVIC_PriorityGroupConfig  misc.o
    0x08000c2c   0x08000c2c   0x0000002a   Code   RO         3313    i.OLED_Clear        oled.o
    0x08000c56   0x08000c56   0x00000002   PAD
    0x08000c58   0x08000c58   0x00000050   Code   RO         3314    i.OLED_I2C_Init     oled.o
    0x08000ca8   0x08000ca8   0x0000005c   Code   RO         3315    i.OLED_I2C_SendByte  oled.o
    0x08000d04   0x08000d04   0x00000034   Code   RO         3316    i.OLED_I2C_Start    oled.o
    0x08000d38   0x08000d38   0x00000028   Code   RO         3317    i.OLED_I2C_Stop     oled.o
    0x08000d60   0x08000d60   0x000000ae   Code   RO         3318    i.OLED_Init         oled.o
    0x08000e0e   0x08000e0e   0x00000014   Code   RO         3319    i.OLED_Pow          oled.o
    0x08000e22   0x08000e22   0x00000022   Code   RO         3320    i.OLED_SetCursor    oled.o
    0x08000e44   0x08000e44   0x00000074   Code   RO         3322    i.OLED_ShowChar     oled.o
    0x08000eb8   0x08000eb8   0x0000018c   Code   RO         3323    i.OLED_ShowFloat    oled.o
    0x08001044   0x08001044   0x00000066   Code   RO         3326    i.OLED_ShowSignedNum  oled.o
    0x080010aa   0x080010aa   0x00000028   Code   RO         3327    i.OLED_ShowString   oled.o
    0x080010d2   0x080010d2   0x00000020   Code   RO         3328    i.OLED_WriteCommand  oled.o
    0x080010f2   0x080010f2   0x00000020   Code   RO         3329    i.OLED_WriteData    oled.o
    0x08001112   0x08001112   0x00000002   PAD
    0x08001114   0x08001114   0x000000a0   Code   RO         3427    i.PWM_Init          pwm.o
    0x080011b4   0x080011b4   0x00000010   Code   RO         3428    i.PWM_SetCompare1   pwm.o
    0x080011c4   0x080011c4   0x00000010   Code   RO         3429    i.PWM_SetCompare2   pwm.o
    0x080011d4   0x080011d4   0x00000002   Code   RO         3671    i.PendSV_Handler    stm32f10x_it.o
    0x080011d6   0x080011d6   0x00000002   PAD
    0x080011d8   0x080011d8   0x00000020   Code   RO         1775    i.RCC_APB1PeriphClockCmd  stm32f10x_rcc.o
    0x080011f8   0x080011f8   0x00000020   Code   RO         1777    i.RCC_APB2PeriphClockCmd  stm32f10x_rcc.o
    0x08001218   0x08001218   0x000000d4   Code   RO         1785    i.RCC_GetClocksFreq  stm32f10x_rcc.o
    0x080012ec   0x080012ec   0x00000002   Code   RO         3672    i.SVC_Handler       stm32f10x_it.o
    0x080012ee   0x080012ee   0x00000008   Code   RO           24    i.SetSysClock       system_stm32f10x.o
    0x080012f6   0x080012f6   0x00000002   PAD
    0x080012f8   0x080012f8   0x000000e0   Code   RO           25    i.SetSysClockTo72   system_stm32f10x.o
    0x080013d8   0x080013d8   0x00000002   Code   RO         3673    i.SysTick_Handler   stm32f10x_it.o
    0x080013da   0x080013da   0x00000002   PAD
    0x080013dc   0x080013dc   0x00000060   Code   RO           27    i.SystemInit        system_stm32f10x.o
    0x0800143c   0x0800143c   0x00000080   Code   RO         2405    i.TI1_Config        stm32f10x_tim.o
    0x080014bc   0x080014bc   0x00000098   Code   RO         2406    i.TI2_Config        stm32f10x_tim.o
    0x08001554   0x08001554   0x00000090   Code   RO         2407    i.TI3_Config        stm32f10x_tim.o
    0x080015e4   0x080015e4   0x00000098   Code   RO         2408    i.TI4_Config        stm32f10x_tim.o
    0x0800167c   0x0800167c   0x00000388   Code   RO         3618    i.TIM3_IRQHandler   main.o
    0x08001a04   0x08001a04   0x00000006   Code   RO         2415    i.TIM_ClearFlag     stm32f10x_tim.o
    0x08001a0a   0x08001a0a   0x00000006   Code   RO         2416    i.TIM_ClearITPendingBit  stm32f10x_tim.o
    0x08001a10   0x08001a10   0x00000018   Code   RO         2421    i.TIM_Cmd           stm32f10x_tim.o
    0x08001a28   0x08001a28   0x00000042   Code   RO         2430    i.TIM_EncoderInterfaceConfig  stm32f10x_tim.o
    0x08001a6a   0x08001a6a   0x00000022   Code   RO         2442    i.TIM_GetITStatus   stm32f10x_tim.o
    0x08001a8c   0x08001a8c   0x000000ac   Code   RO         2444    i.TIM_ICInit        stm32f10x_tim.o
    0x08001b38   0x08001b38   0x00000012   Code   RO         2445    i.TIM_ICStructInit  stm32f10x_tim.o
    0x08001b4a   0x08001b4a   0x00000012   Code   RO         2446    i.TIM_ITConfig      stm32f10x_tim.o
    0x08001b5c   0x08001b5c   0x0000000c   Code   RO         2448    i.TIM_InternalClockConfig  stm32f10x_tim.o
    0x08001b68   0x08001b68   0x00000098   Code   RO         2450    i.TIM_OC1Init       stm32f10x_tim.o
    0x08001c00   0x08001c00   0x000000a4   Code   RO         2455    i.TIM_OC2Init       stm32f10x_tim.o
    0x08001ca4   0x08001ca4   0x00000014   Code   RO         2468    i.TIM_OCStructInit  stm32f10x_tim.o
    0x08001cb8   0x08001cb8   0x00000004   Code   RO         2482    i.TIM_SetCompare1   stm32f10x_tim.o
    0x08001cbc   0x08001cbc   0x00000004   Code   RO         2483    i.TIM_SetCompare2   stm32f10x_tim.o
    0x08001cc0   0x08001cc0   0x00000004   Code   RO         2486    i.TIM_SetCounter    stm32f10x_tim.o
    0x08001cc4   0x08001cc4   0x00000012   Code   RO         2487    i.TIM_SetIC1Prescaler  stm32f10x_tim.o
    0x08001cd6   0x08001cd6   0x0000001a   Code   RO         2488    i.TIM_SetIC2Prescaler  stm32f10x_tim.o
    0x08001cf0   0x08001cf0   0x00000012   Code   RO         2489    i.TIM_SetIC3Prescaler  stm32f10x_tim.o
    0x08001d02   0x08001d02   0x0000001a   Code   RO         2490    i.TIM_SetIC4Prescaler  stm32f10x_tim.o
    0x08001d1c   0x08001d1c   0x000000a4   Code   RO         2492    i.TIM_TimeBaseInit  stm32f10x_tim.o
    0x08001dc0   0x08001dc0   0x0000007c   Code   RO         3553    i.Timer_Init        timer.o
    0x08001e3c   0x08001e3c   0x00000060   Code   RO         3484    i.Track_GetError    track.o
    0x08001e9c   0x08001e9c   0x0000005c   Code   RO         3485    i.Track_Init        track.o
    0x08001ef8   0x08001ef8   0x00000020   Code   RO         3486    i.Track_ReadAll     track.o
    0x08001f18   0x08001f18   0x00000034   Code   RO         3487    i.Track_ReadChannel  track.o
    0x08001f4c   0x08001f4c   0x00000058   Code   RO         3488    i.Track_SelectChannel  track.o
    0x08001fa4   0x08001fa4   0x0000014c   Code   RO         3569    i.USART3_IRQHandler  jy62.o
    0x080020f0   0x080020f0   0x0000001e   Code   RO         2957    i.USART_ClearITPendingBit  stm32f10x_usart.o
    0x0800210e   0x0800210e   0x00000018   Code   RO         2960    i.USART_Cmd         stm32f10x_usart.o
    0x08002126   0x08002126   0x00000054   Code   RO         2964    i.USART_GetITStatus  stm32f10x_usart.o
    0x0800217a   0x0800217a   0x0000004a   Code   RO         2966    i.USART_ITConfig    stm32f10x_usart.o
    0x080021c4   0x080021c4   0x000000d8   Code   RO         2967    i.USART_Init        stm32f10x_usart.o
    0x0800229c   0x0800229c   0x0000000a   Code   RO         2974    i.USART_ReceiveData  stm32f10x_usart.o
    0x080022a6   0x080022a6   0x00000004   Code   RO         3674    i.UsageFault_Handler  stm32f10x_it.o
    0x080022aa   0x080022aa   0x00000002   PAD
    0x080022ac   0x080022ac   0x00000230   Code   RO         3619    i.main              main.o
    0x080024dc   0x080024dc   0x00000062   Code   RO         3737    x$fpl$d2f           fz_ws.l(d2f.o)
    0x0800253e   0x0800253e   0x00000002   PAD
    0x08002540   0x08002540   0x00000150   Code   RO         3739    x$fpl$dadd          fz_ws.l(daddsub_clz.o)
    0x08002690   0x08002690   0x00000018   Code   RO         3796    x$fpl$dcmpinf       fz_ws.l(dcmpi.o)
    0x080026a8   0x080026a8   0x000002b0   Code   RO         3746    x$fpl$ddiv          fz_ws.l(ddiv.o)
    0x08002958   0x08002958   0x0000002e   Code   RO         3754    x$fpl$dflt          fz_ws.l(dflt_clz.o)
    0x08002986   0x08002986   0x00000002   PAD
    0x08002988   0x08002988   0x00000078   Code   RO         3759    x$fpl$dleqf         fz_ws.l(dleqf.o)
    0x08002a00   0x08002a00   0x0000009c   Code   RO         3798    x$fpl$dnaninf       fz_ws.l(dnaninf.o)
    0x08002a9c   0x08002a9c   0x0000000c   Code   RO         3800    x$fpl$dretinf       fz_ws.l(dretinf.o)
    0x08002aa8   0x08002aa8   0x000001d4   Code   RO         3741    x$fpl$dsub          fz_ws.l(daddsub_clz.o)
    0x08002c7c   0x08002c7c   0x00000056   Code   RO         3763    x$fpl$f2d           fz_ws.l(f2d.o)
    0x08002cd2   0x08002cd2   0x00000002   PAD
    0x08002cd4   0x08002cd4   0x000000c4   Code   RO         3765    x$fpl$fadd          fz_ws.l(faddsub_clz.o)
    0x08002d98   0x08002d98   0x00000018   Code   RO         3802    x$fpl$fcmpinf       fz_ws.l(fcmpi.o)
    0x08002db0   0x08002db0   0x00000184   Code   RO         3772    x$fpl$fdiv          fz_ws.l(fdiv.o)
    0x08002f34   0x08002f34   0x00000036   Code   RO         3775    x$fpl$ffix          fz_ws.l(ffix.o)
    0x08002f6a   0x08002f6a   0x00000002   PAD
    0x08002f6c   0x08002f6c   0x0000003e   Code   RO         3779    x$fpl$ffixu         fz_ws.l(ffixu.o)
    0x08002faa   0x08002faa   0x00000002   PAD
    0x08002fac   0x08002fac   0x00000030   Code   RO         3784    x$fpl$fflt          fz_ws.l(fflt_clz.o)
    0x08002fdc   0x08002fdc   0x00000026   Code   RO         3783    x$fpl$ffltu         fz_ws.l(fflt_clz.o)
    0x08003002   0x08003002   0x00000002   PAD
    0x08003004   0x08003004   0x00000068   Code   RO         3789    x$fpl$fleqf         fz_ws.l(fleqf.o)
    0x0800306c   0x0800306c   0x00000102   Code   RO         3791    x$fpl$fmul          fz_ws.l(fmul.o)
    0x0800316e   0x0800316e   0x0000008c   Code   RO         3804    x$fpl$fnaninf       fz_ws.l(fnaninf.o)
    0x080031fa   0x080031fa   0x0000000a   Code   RO         3806    x$fpl$fretinf       fz_ws.l(fretinf.o)
    0x08003204   0x08003204   0x00000062   Code   RO         3793    x$fpl$frleqf        fz_ws.l(frleqf.o)
    0x08003266   0x08003266   0x00000014   Code   RO         3766    x$fpl$frsb          fz_ws.l(faddsub_clz.o)
    0x0800327a   0x0800327a   0x00000002   PAD
    0x0800327c   0x0800327c   0x000000ea   Code   RO         3767    x$fpl$fsub          fz_ws.l(faddsub_clz.o)
    0x08003366   0x08003366   0x00000000   Code   RO         3808    x$fpl$usenofp       fz_ws.l(usenofp.o)
    0x08003366   0x08003366   0x000005f0   Data   RO         3330    .constdata          oled.o
    0x08003956   0x08003956   0x00000002   PAD
    0x08003958   0x08003958   0x00000020   Data   RO         3489    .constdata          track.o
    0x08003978   0x08003978   0x00000020   Data   RO         3961    Region$$Table       anon$$obj.o


    Execution Region RW_IRAM1 (Exec base: 0x20000000, Load base: 0x08003998, Size: 0x00000720, Max: 0x00005000, ABSOLUTE)

    Exec Addr    Load Addr    Size         Type   Attr      Idx    E Section Name        Object

    0x20000000   0x08003998   0x00000014   Data   RW         1805    .data               stm32f10x_rcc.o
    0x20000014   0x080039ac   0x00000002   Data   RW         3571    .data               jy62.o
    0x20000016   0x080039ae   0x00000002   PAD
    0x20000018   0x080039b0   0x00000074   Data   RW         3620    .data               main.o
    0x2000008c        -       0x0000002f   Zero   RW         3570    .bss                jy62.o
    0x200000bb   0x08003a24   0x00000001   PAD
    0x200000bc        -       0x00000060   Zero   RW         3835    .bss                c_w.l(libspace.o)
    0x2000011c   0x08003a24   0x00000004   PAD
    0x20000120        -       0x00000200   Zero   RW           18    HEAP                startup_stm32f10x_md.o
    0x20000320        -       0x00000400   Zero   RW           17    STACK               startup_stm32f10x_md.o


==============================================================================

Image component sizes


      Code (inc. data)   RO Data    RW Data    ZI Data      Debug   Object Name

        84         14          0          0          0       1243   buzzer.o
         0          0          0          0          0       4532   core_cm3.o
        70          0          0          0          0        866   delay.o
       280         26          0          0          0       1059   encoder.o
      1176         78          0          2         47       4479   jy62.o
       208         18          0          0          0        944   key.o
        92         16          0          0          0       1202   led.o
      1464        262          0        116          0       4227   main.o
       132         22          0          0          0     204599   misc.o
       392         22          0          0          0       2017   motor.o
      1252         22       1520          0          0       8032   oled.o
       192          6          0          0          0       1503   pwm.o
        64         26        236          0       1536        764   startup_stm32f10x_md.o
         0          0          0          0          0       1628   stm32f10x_adc.o
       314          0          0          0          0      12124   stm32f10x_gpio.o
        26          0          0          0          0       3470   stm32f10x_it.o
       276         32          0         20          0      12782   stm32f10x_rcc.o
      1532        180          0          0          0      34117   stm32f10x_tim.o
       438          6          0          0          0      11140   stm32f10x_usart.o
       328         28          0          0          0      44977   system_stm32f10x.o
       124          4          0          0          0        521   timer.o
       360         26         32          0          0       3014   track.o

    ----------------------------------------------------------------------
      8822        788       1822        140       1584     359240   Object Totals
         0          0         32          0          0          0   (incl. Generated)
        18          0          2          2          1          0   (incl. Padding)

    ----------------------------------------------------------------------

      Code (inc. data)   RO Data    RW Data    ZI Data      Debug   Library Member Name

         8          0          0          0          0         68   __main.o
         0          0          0          0          0          0   __rtentry.o
        12          0          0          0          0          0   __rtentry2.o
         6          0          0          0          0          0   __rtentry4.o
        52          8          0          0          0          0   __scatter.o
        26          0          0          0          0          0   __scatter_copy.o
        28          0          0          0          0          0   __scatter_zi.o
        18          0          0          0          0         80   exit.o
         6          0          0          0          0        152   heapauxi.o
         0          0          0          0          0          0   indicate_semi.o
         2          0          0          0          0          0   libinit.o
         2          0          0          0          0          0   libinit2.o
         2          0          0          0          0          0   libshutdown.o
         2          0          0          0          0          0   libshutdown2.o
         8          4          0          0         96         68   libspace.o
       100          0          0          0          0         80   rt_memcpy_w.o
         2          0          0          0          0          0   rtexit.o
        10          0          0          0          0          0   rtexit2.o
        12          4          0          0          0         68   sys_exit.o
        74          0          0          0          0         80   sys_stackheap_outer.o
         2          0          0          0          0         68   use_no_semi.o
        98          4          0          0          0         92   d2f.o
       804         16          0          0          0        272   daddsub_clz.o
        24          0          0          0          0         68   dcmpi.o
       688        140          0          0          0        208   ddiv.o
        46          0          0          0          0         68   dflt_clz.o
       120          4          0          0          0         92   dleqf.o
       156          4          0          0          0         92   dnaninf.o
        12          0          0          0          0         68   dretinf.o
        86          4          0          0          0         84   f2d.o
       450          8          0          0          0        236   faddsub_clz.o
        24          0          0          0          0         68   fcmpi.o
       388         76          0          0          0         96   fdiv.o
        54          4          0          0          0         84   ffix.o
        62          4          0          0          0         84   ffixu.o
        86          0          0          0          0        136   fflt_clz.o
       104          4          0          0          0         84   fleqf.o
       258          4          0          0          0         84   fmul.o
       140          4          0          0          0         84   fnaninf.o
        10          0          0          0          0         68   fretinf.o
        98          0          0          0          0         68   frleqf.o
         0          0          0          0          0          0   usenofp.o

    ----------------------------------------------------------------------
      4100        292          0          0        100       2800   Library Totals
        20          0          0          0          4          0   (incl. Padding)

    ----------------------------------------------------------------------

      Code (inc. data)   RO Data    RW Data    ZI Data      Debug   Library Name

       372         16          0          0         96        664   c_w.l
      3708        276          0          0          0       2136   fz_ws.l

    ----------------------------------------------------------------------
      4100        292          0          0        100       2800   Library Totals

    ----------------------------------------------------------------------

==============================================================================


      Code (inc. data)   RO Data    RW Data    ZI Data      Debug   

     12922       1080       1822        140       1684     355744   Grand Totals
     12922       1080       1822        140       1684     355744   ELF Image Totals
     12922       1080       1822        140          0          0   ROM Totals

==============================================================================

    Total RO  Size (Code + RO Data)                14744 (  14.40kB)
    Total RW  Size (RW Data + ZI Data)              1824 (   1.78kB)
    Total ROM Size (Code + RO Data + RW Data)      14884 (  14.54kB)

==============================================================================

